Component: ARM Compiler 5.05 update 2 (build 169) Tool: armlink [4d0f33]

==============================================================================

Section Cross References

    main.o(i.SystemClock_Config) refers to stm32f1xx_hal_rcc.o(i.HAL_RCC_OscConfig) for HAL_RCC_OscConfig
    main.o(i.SystemClock_Config) refers to stm32f1xx_hal_rcc.o(i.HAL_RCC_ClockConfig) for HAL_RCC_ClockConfig
    main.o(i.SystemClock_Config) refers to stm32f1xx_hal_rcc.o(i.HAL_RCC_GetHCLKFreq) for HAL_RCC_GetHCLKFreq
    main.o(i.SystemClock_Config) refers to stm32f1xx_hal_cortex.o(i.HAL_SYSTICK_Config) for HAL_SYSTICK_Config
    main.o(i.SystemClock_Config) refers to stm32f1xx_hal_cortex.o(i.HAL_SYSTICK_CLKSourceConfig) for HAL_SYSTICK_CLKSourceConfig
    main.o(i.SystemClock_Config) refers to stm32f1xx_hal_cortex.o(i.HAL_NVIC_SetPriority) for HAL_NVIC_SetPriority
    main.o(i.main) refers to stm32f1xx_hal.o(i.HAL_Init) for HAL_Init
    main.o(i.main) refers to main.o(i.SystemClock_Config) for SystemClock_Config
    main.o(i.main) refers to gpio.o(i.MX_GPIO_Init) for MX_GPIO_Init
    main.o(i.main) refers to queue.o(i.xQueueGenericCreate) for xQueueGenericCreate
    main.o(i.main) refers to queue.o(i.xQueueGenericSend) for xQueueGenericSend
    main.o(i.main) refers to tasks.o(i.xTaskGenericCreate) for xTaskGenericCreate
    main.o(i.main) refers to tasks.o(i.vTaskStartScheduler) for vTaskStartScheduler
    main.o(i.main) refers to main.o(.data) for .data
    main.o(i.main) refers to main.o(i.vEncoder) for vEncoder
    main.o(i.main) refers to main.o(i.vMain) for vMain
    main.o(i.main) refers to main.o(i.vDisp) for vDisp
    main.o(i.vApplicationTickHook) refers to queue.o(i.xQueueGiveFromISR) for xQueueGiveFromISR
    main.o(i.vApplicationTickHook) refers to stm32f1xx_hal_gpio.o(i.HAL_GPIO_WritePin) for HAL_GPIO_WritePin
    main.o(i.vApplicationTickHook) refers to port.o(i.vPortYield) for vPortYield
    main.o(i.vApplicationTickHook) refers to main.o(.data) for .data
    main.o(i.vDisp) refers to queue.o(i.xQueueGenericReceive) for xQueueGenericReceive
    main.o(i.vDisp) refers to main.o(.data) for .data
    main.o(i.vDisp) refers to main.o(.constdata) for .constdata
    main.o(i.vEncoder) refers to stm32f1xx_hal_gpio.o(i.HAL_GPIO_ReadPin) for HAL_GPIO_ReadPin
    main.o(i.vEncoder) refers to stm32f1xx_hal_gpio.o(i.HAL_GPIO_WritePin) for HAL_GPIO_WritePin
    main.o(i.vEncoder) refers to queue.o(i.xQueueGenericSend) for xQueueGenericSend
    main.o(i.vEncoder) refers to main.o(.data) for .data
    main.o(i.vMain) refers to stm32f1xx_hal_gpio.o(i.HAL_GPIO_TogglePin) for HAL_GPIO_TogglePin
    main.o(i.vMain) refers to stm32f1xx_hal.o(i.HAL_Delay) for HAL_Delay
    main.o(i.vMain) refers to queue.o(i.xQueueGenericReceive) for xQueueGenericReceive
    main.o(i.vMain) refers to queue.o(i.xQueueGenericSend) for xQueueGenericSend
    main.o(i.vMain) refers to stm32f1xx_hal_gpio.o(i.HAL_GPIO_ReadPin) for HAL_GPIO_ReadPin
    main.o(i.vMain) refers to main.o(.data) for .data
    stm32f1xx_hal_msp.o(i.HAL_MspInit) refers to stm32f1xx_hal_cortex.o(i.HAL_NVIC_SetPriorityGrouping) for HAL_NVIC_SetPriorityGrouping
    stm32f1xx_hal_msp.o(i.HAL_MspInit) refers to stm32f1xx_hal_cortex.o(i.HAL_NVIC_SetPriority) for HAL_NVIC_SetPriority
    stm32f1xx_it.o(i.SysTick_Handler) refers to cmsis_os.o(i.osSystickHandler) for osSystickHandler
    stm32f1xx_it.o(i.TIM6_IRQHandler) refers to stm32f1xx_hal_tim.o(i.HAL_TIM_IRQHandler) for HAL_TIM_IRQHandler
    stm32f1xx_it.o(i.TIM6_IRQHandler) refers to stm32f1xx_hal_timebase_tim.o(.bss) for htim6
    stm32f1xx_hal_timebase_tim.o(i.HAL_InitTick) refers to stm32f1xx_hal_cortex.o(i.HAL_NVIC_SetPriority) for HAL_NVIC_SetPriority
    stm32f1xx_hal_timebase_tim.o(i.HAL_InitTick) refers to stm32f1xx_hal_cortex.o(i.HAL_NVIC_EnableIRQ) for HAL_NVIC_EnableIRQ
    stm32f1xx_hal_timebase_tim.o(i.HAL_InitTick) refers to stm32f1xx_hal_rcc.o(i.HAL_RCC_GetClockConfig) for HAL_RCC_GetClockConfig
    stm32f1xx_hal_timebase_tim.o(i.HAL_InitTick) refers to stm32f1xx_hal_rcc.o(i.HAL_RCC_GetPCLK1Freq) for HAL_RCC_GetPCLK1Freq
    stm32f1xx_hal_timebase_tim.o(i.HAL_InitTick) refers to stm32f1xx_hal_tim.o(i.HAL_TIM_Base_Init) for HAL_TIM_Base_Init
    stm32f1xx_hal_timebase_tim.o(i.HAL_InitTick) refers to stm32f1xx_hal_tim.o(i.HAL_TIM_Base_Start_IT) for HAL_TIM_Base_Start_IT
    stm32f1xx_hal_timebase_tim.o(i.HAL_InitTick) refers to stm32f1xx_hal_timebase_tim.o(.bss) for .bss
    stm32f1xx_hal_timebase_tim.o(i.HAL_ResumeTick) refers to stm32f1xx_hal_timebase_tim.o(.bss) for .bss
    stm32f1xx_hal_timebase_tim.o(i.HAL_SuspendTick) refers to stm32f1xx_hal_timebase_tim.o(.bss) for .bss
    stm32f1xx_hal_timebase_tim.o(i.HAL_TIM_PeriodElapsedCallback) refers to stm32f1xx_hal.o(i.HAL_IncTick) for HAL_IncTick
    gpio.o(i.MX_GPIO_Init) refers to stm32f1xx_hal_gpio.o(i.HAL_GPIO_WritePin) for HAL_GPIO_WritePin
[...]
    stm32f1xx_hal_tim_ex.o(i.HAL_TIMEx_OCN_Start_DMA) refers to stm32f1xx_hal_tim.o(i.TIM_DMADelayPulseCplt) for TIM_DMADelayPulseCplt
    stm32f1xx_hal_tim_ex.o(i.HAL_TIMEx_OCN_Start_DMA) refers to stm32f1xx_hal_tim.o(i.TIM_DMAError) for TIM_DMAError
    stm32f1xx_hal_tim_ex.o(i.HAL_TIMEx_OCN_Start_IT) refers to stm32f1xx_hal_tim_ex.o(i.TIM_CCxNChannelCmd) for TIM_CCxNChannelCmd
    stm32f1xx_hal_tim_ex.o(i.HAL_TIMEx_OCN_Stop) refers to stm32f1xx_hal_tim_ex.o(i.TIM_CCxNChannelCmd) for TIM_CCxNChannelCmd
    stm32f1xx_hal_tim_ex.o(i.HAL_TIMEx_OCN_Stop_DMA) refers to stm32f1xx_hal_tim_ex.o(i.TIM_CCxNChannelCmd) for TIM_CCxNChannelCmd
    stm32f1xx_hal_tim_ex.o(i.HAL_TIMEx_OCN_Stop_IT) refers to stm32f1xx_hal_tim_ex.o(i.TIM_CCxNChannelCmd) for TIM_CCxNChannelCmd
    stm32f1xx_hal_tim_ex.o(i.HAL_TIMEx_OnePulseN_Start) refers to stm32f1xx_hal_tim_ex.o(i.TIM_CCxNChannelCmd) for TIM_CCxNChannelCmd
    stm32f1xx_hal_tim_ex.o(i.HAL_TIMEx_OnePulseN_Start_IT) refers to stm32f1xx_hal_tim_ex.o(i.TIM_CCxNChannelCmd) for TIM_CCxNChannelCmd
    stm32f1xx_hal_tim_ex.o(i.HAL_TIMEx_OnePulseN_Stop) refers to stm32f1xx_hal_tim_ex.o(i.TIM_CCxNChannelCmd) for TIM_CCxNChannelCmd
    stm32f1xx_hal_tim_ex.o(i.HAL_TIMEx_OnePulseN_Stop_IT) refers to stm32f1xx_hal_tim_ex.o(i.TIM_CCxNChannelCmd) for TIM_CCxNChannelCmd
    stm32f1xx_hal_tim_ex.o(i.HAL_TIMEx_PWMN_Start) refers to stm32f1xx_hal_tim_ex.o(i.TIM_CCxNChannelCmd) for TIM_CCxNChannelCmd
    stm32f1xx_hal_tim_ex.o(i.HAL_TIMEx_PWMN_Start_DMA) refers to stm32f1xx_hal_dma.o(i.HAL_DMA_Start_IT) for HAL_DMA_Start_IT
    stm32f1xx_hal_tim_ex.o(i.HAL_TIMEx_PWMN_Start_DMA) refers to stm32f1xx_hal_tim_ex.o(i.TIM_CCxNChannelCmd) for TIM_CCxNChannelCmd
    stm32f1xx_hal_tim_ex.o(i.HAL_TIMEx_PWMN_Start_DMA) refers to stm32f1xx_hal_tim.o(i.TIM_DMADelayPulseCplt) for TIM_DMADelayPulseCplt
    stm32f1xx_hal_tim_ex.o(i.HAL_TIMEx_PWMN_Start_DMA) refers to stm32f1xx_hal_tim.o(i.TIM_DMAError) for TIM_DMAError
    stm32f1xx_hal_tim_ex.o(i.HAL_TIMEx_PWMN_Start_IT) refers to stm32f1xx_hal_tim_ex.o(i.TIM_CCxNChannelCmd) for TIM_CCxNChannelCmd
    stm32f1xx_hal_tim_ex.o(i.HAL_TIMEx_PWMN_Stop) refers to stm32f1xx_hal_tim_ex.o(i.TIM_CCxNChannelCmd) for TIM_CCxNChannelCmd
    stm32f1xx_hal_tim_ex.o(i.HAL_TIMEx_PWMN_Stop_DMA) refers to stm32f1xx_hal_tim_ex.o(i.TIM_CCxNChannelCmd) for TIM_CCxNChannelCmd
    stm32f1xx_hal_tim_ex.o(i.HAL_TIMEx_PWMN_Stop_IT) refers to stm32f1xx_hal_tim_ex.o(i.TIM_CCxNChannelCmd) for TIM_CCxNChannelCmd
    stm32f1xx_hal_tim_ex.o(i.TIMEx_DMACommutationCplt) refers to stm32f1xx_hal_tim_ex.o(i.HAL_TIMEx_CommutationCallback) for HAL_TIMEx_CommutationCallback
    stm32f1xx_hal_flash_ex.o(i.FLASH_MassErase) refers to stm32f1xx_hal_flash.o(.bss) for pFlash
    stm32f1xx_hal_flash_ex.o(i.FLASH_OB_DisableWRP) refers to stm32f1xx_hal_flash.o(i.FLASH_WaitForLastOperation) for FLASH_WaitForLastOperation
    stm32f1xx_hal_flash_ex.o(i.FLASH_OB_DisableWRP) refers to stm32f1xx_hal_flash_ex.o(i.HAL_FLASHEx_OBErase) for HAL_FLASHEx_OBErase
    stm32f1xx_hal_flash_ex.o(i.FLASH_OB_DisableWRP) refers to stm32f1xx_hal_flash.o(.bss) for pFlash
    stm32f1xx_hal_flash_ex.o(i.FLASH_OB_EnableWRP) refers to stm32f1xx_hal_flash.o(i.FLASH_WaitForLastOperation) for FLASH_WaitForLastOperation
    stm32f1xx_hal_flash_ex.o(i.FLASH_OB_EnableWRP) refers to stm32f1xx_hal_flash_ex.o(i.HAL_FLASHEx_OBErase) for HAL_FLASHEx_OBErase
    stm32f1xx_hal_flash_ex.o(i.FLASH_OB_EnableWRP) refers to stm32f1xx_hal_flash.o(.bss) for pFlash
    stm32f1xx_hal_flash_ex.o(i.FLASH_OB_RDP_LevelConfig) refers to stm32f1xx_hal_flash.o(i.FLASH_WaitForLastOperation) for FLASH_WaitForLastOperation
    stm32f1xx_hal_flash_ex.o(i.FLASH_OB_RDP_LevelConfig) refers to stm32f1xx_hal_flash.o(.bss) for pFlash
    stm32f1xx_hal_flash_ex.o(i.FLASH_PageErase) refers to stm32f1xx_hal_flash.o(.bss) for pFlash
    stm32f1xx_hal_flash_ex.o(i.HAL_FLASHEx_Erase) refers to stm32f1xx_hal_flash.o(i.FLASH_WaitForLastOperation) for FLASH_WaitForLastOperation
    stm32f1xx_hal_flash_ex.o(i.HAL_FLASHEx_Erase) refers to stm32f1xx_hal_flash_ex.o(i.FLASH_MassErase) for FLASH_MassErase
    stm32f1xx_hal_flash_ex.o(i.HAL_FLASHEx_Erase) refers to stm32f1xx_hal_flash_ex.o(i.FLASH_PageErase) for FLASH_PageErase
    stm32f1xx_hal_flash_ex.o(i.HAL_FLASHEx_Erase) refers to stm32f1xx_hal_flash.o(.bss) for pFlash
    stm32f1xx_hal_flash_ex.o(i.HAL_FLASHEx_Erase_IT) refers to stm32f1xx_hal_flash_ex.o(i.FLASH_PageErase) for FLASH_PageErase
    stm32f1xx_hal_flash_ex.o(i.HAL_FLASHEx_Erase_IT) refers to stm32f1xx_hal_flash_ex.o(i.FLASH_MassErase) for FLASH_MassErase
    stm32f1xx_hal_flash_ex.o(i.HAL_FLASHEx_Erase_IT) refers to stm32f1xx_hal_flash.o(.bss) for pFlash
    stm32f1xx_hal_flash_ex.o(i.HAL_FLASHEx_OBErase) refers to stm32f1xx_hal_flash_ex.o(i.FLASH_OB_GetRDP) for FLASH_OB_GetRDP
    stm32f1xx_hal_flash_ex.o(i.HAL_FLASHEx_OBErase) refers to stm32f1xx_hal_flash.o(i.FLASH_WaitForLastOperation) for FLASH_WaitForLastOperation
    stm32f1xx_hal_flash_ex.o(i.HAL_FLASHEx_OBErase) refers to stm32f1xx_hal_flash_ex.o(i.FLASH_OB_RDP_LevelConfig) for FLASH_OB_RDP_LevelConfig
    stm32f1xx_hal_flash_ex.o(i.HAL_FLASHEx_OBErase) refers to stm32f1xx_hal_flash.o(.bss) for pFlash
    stm32f1xx_hal_flash_ex.o(i.HAL_FLASHEx_OBGetConfig) refers to stm32f1xx_hal_flash_ex.o(i.FLASH_OB_GetRDP) for FLASH_OB_GetRDP
    stm32f1xx_hal_flash_ex.o(i.HAL_FLASHEx_OBProgram) refers to stm32f1xx_hal_flash_ex.o(i.FLASH_OB_DisableWRP) for FLASH_OB_DisableWRP
    stm32f1xx_hal_flash_ex.o(i.HAL_FLASHEx_OBProgram) refers to stm32f1xx_hal_flash_ex.o(i.FLASH_OB_EnableWRP) for FLASH_OB_EnableWRP
    stm32f1xx_hal_flash_ex.o(i.HAL_FLASHEx_OBProgram) refers to stm32f1xx_hal_flash_ex.o(i.FLASH_OB_RDP_LevelConfig) for FLASH_OB_RDP_LevelConfig
    stm32f1xx_hal_flash_ex.o(i.HAL_FLASHEx_OBProgram) refers to stm32f1xx_hal_flash.o(i.FLASH_WaitForLastOperation) for FLASH_WaitForLastOperation
    stm32f1xx_hal_flash_ex.o(i.HAL_FLASHEx_OBProgram) refers to stm32f1xx_hal_flash.o(.bss) for pFlash
    system_stm32f1xx.o(i.SystemCoreClockUpdate) refers to system_stm32f1xx.o(.data) for .data
    system_stm32f1xx.o(i.SystemCoreClockUpdate) refers to system_stm32f1xx.o(.constdata) for .constdata
    entry.o(.ARM.Collect$$$$00000000) refers (Special) to entry10a.o(.ARM.Collect$$$$0000000D) for __rt_final_cpp
    entry.o(.ARM.Collect$$$$00000000) refers (Special) to entry11a.o(.ARM.Collect$$$$0000000F) for __rt_final_exit
    entry.o(.ARM.Collect$$$$00000000) refers (Special) to entry7b.o(.ARM.Collect$$$$00000008) for _main_clock
    entry.o(.ARM.Collect$$$$00000000) refers (Special) to entry8b.o(.ARM.Collect$$$$0000000A) for _main_cpp_init
    entry.o(.ARM.Collect$$$$00000000) refers (Special) to entry9a.o(.ARM.Collect$$$$0000000B) for _main_init
    entry.o(.ARM.Collect$$$$00000000) refers (Special) to entry5.o(.ARM.Collect$$$$00000004) for _main_scatterload
    entry.o(.ARM.Collect$$$$00000000) refers (Special) to entry2.o(.ARM.Collect$$$$00000001) for _main_stk
    entry2.o(.ARM.Collect$$$$00000001) refers to entry2.o(.ARM.Collect$$$$00002712) for __lit__00000000
    entry2.o(.ARM.Collect$$$$00002712) refers to startup_stm32f107xc.o(STACK) for __initial_sp
    entry2.o(__vectab_stack_and_reset_area) refers to startup_stm32f107xc.o(STACK) for __initial_sp
    entry2.o(__vectab_stack_and_reset_area) refers to entry.o(.ARM.Collect$$$$00000000) for __main
    entry5.o(.ARM.Collect$$$$00000004) refers to init.o(.text) for __scatterload
    entry9a.o(.ARM.Collect$$$$0000000B) refers to main.o(i.main) for main
    entry9b.o(.ARM.Collect$$$$0000000C) refers to main.o(i.main) for main
    init.o(.text) refers to entry5.o(.ARM.Collect$$$$00000004) for __main_after_scatterload


==============================================================================

Removing Unused input sections from the image.

    Removing main.o(.rev16_text), (4 bytes).
    Removing main.o(.revsh_text), (4 bytes).
    Removing main.o(.rrx_text), (6 bytes).
    Removing stm32f1xx_hal_msp.o(.rev16_text), (4 bytes).
    Removing stm32f1xx_hal_msp.o(.revsh_text), (4 bytes).
    Removing stm32f1xx_hal_msp.o(.rrx_text), (6 bytes).
    Removing stm32f1xx_it.o(.rev16_text), (4 bytes).
    Removing stm32f1xx_it.o(.revsh_text), (4 bytes).
    Removing stm32f1xx_it.o(.rrx_text), (6 bytes).
    Removing stm32f1xx_hal_timebase_tim.o(.rev16_text), (4 bytes).
    Removing stm32f1xx_hal_timebase_tim.o(.revsh_text), (4 bytes).
    Removing stm32f1xx_hal_timebase_tim.o(.rrx_text), (6 bytes).
    Removing stm32f1xx_hal_timebase_tim.o(i.HAL_ResumeTick), (20 bytes).
    Removing stm32f1xx_hal_timebase_tim.o(i.HAL_SuspendTick), (20 bytes).
    Removing stm32f1xx_hal_timebase_tim.o(.data), (4 bytes).
    Removing gpio.o(.rev16_text), (4 bytes).
    Removing gpio.o(.revsh_text), (4 bytes).
    Removing gpio.o(.rrx_text), (6 bytes).
    Removing event_groups.o(i.prvTestWaitCondition), (20 bytes).
    Removing event_groups.o(i.vEventGroupClearBitsCallback), (4 bytes).
    Removing event_groups.o(i.vEventGroupDelete), (60 bytes).
    Removing event_groups.o(i.vEventGroupSetBitsCallback), (4 bytes).
    Removing event_groups.o(i.xEventGroupClearBits), (44 bytes).
    Removing event_groups.o(i.xEventGroupCreate), (26 bytes).
    Removing event_groups.o(i.xEventGroupGetBitsFromISR), (18 bytes).
    Removing event_groups.o(i.xEventGroupSetBits), (120 bytes).
    Removing event_groups.o(i.xEventGroupSync), (140 bytes).
    Removing event_groups.o(i.xEventGroupWaitBits), (188 bytes).
    Removing cmsis_os.o(.rev16_text), (4 bytes).
    Removing cmsis_os.o(.revsh_text), (4 bytes).
    Removing cmsis_os.o(i.inHandlerMode), (12 bytes).
    Removing cmsis_os.o(i.osDelay), (14 bytes).
    Removing cmsis_os.o(i.osDelayUntil), (4 bytes).
    Removing cmsis_os.o(i.osKernelRunning), (6 bytes).
    Removing cmsis_os.o(i.osKernelStart), (10 bytes).
    Removing cmsis_os.o(i.osKernelSysTick), (24 bytes).
    Removing cmsis_os.o(i.osMailAlloc), (12 bytes).
    Removing cmsis_os.o(i.osMailCAlloc), (24 bytes).
    Removing cmsis_os.o(i.osMailCreate), (92 bytes).
    Removing cmsis_os.o(i.osMailFree), (12 bytes).
    Removing cmsis_os.o(i.osMailGet), (140 bytes).
    Removing cmsis_os.o(i.osMailPut), (84 bytes).
    Removing cmsis_os.o(i.osMessageCreate), (8 bytes).
    Removing cmsis_os.o(i.osMessageGet), (144 bytes).
    Removing cmsis_os.o(i.osMessagePeek), (78 bytes).
    Removing cmsis_os.o(i.osMessagePut), (84 bytes).
    Removing cmsis_os.o(i.osMutexCreate), (4 bytes).
    Removing cmsis_os.o(i.osMutexDelete), (24 bytes).
    Removing cmsis_os.o(i.osMutexRelease), (72 bytes).
    Removing cmsis_os.o(i.osMutexWait), (96 bytes).
    Removing cmsis_os.o(i.osPoolAlloc), (96 bytes).
    Removing cmsis_os.o(i.osPoolCAlloc), (16 bytes).
    Removing cmsis_os.o(i.osPoolCreate), (94 bytes).
    Removing cmsis_os.o(i.osPoolFree), (48 bytes).
    Removing cmsis_os.o(i.osRecursiveMutexCreate), (4 bytes).
    Removing cmsis_os.o(i.osRecursiveMutexRelease), (4 bytes).
    Removing cmsis_os.o(i.osRecursiveMutexWait), (4 bytes).
    Removing cmsis_os.o(i.osSemaphoreCreate), (38 bytes).
    Removing cmsis_os.o(i.osSemaphoreDelete), (24 bytes).
    Removing cmsis_os.o(i.osSemaphoreRelease), (72 bytes).
    Removing cmsis_os.o(i.osSemaphoreWait), (96 bytes).
    Removing cmsis_os.o(i.osSignalSet), (76 bytes).
    Removing cmsis_os.o(i.osSignalWait), (88 bytes).
    Removing cmsis_os.o(i.osThreadCreate), (58 bytes).
    Removing cmsis_os.o(i.osThreadGetId), (4 bytes).
    Removing cmsis_os.o(i.osThreadGetPriority), (4 bytes).
    Removing cmsis_os.o(i.osThreadList), (4 bytes).
    Removing cmsis_os.o(i.osThreadResume), (4 bytes).
    Removing cmsis_os.o(i.osThreadResumeAll), (18 bytes).
    Removing cmsis_os.o(i.osThreadSetPriority), (4 bytes).
    Removing cmsis_os.o(i.osThreadSuspend), (4 bytes).
    Removing cmsis_os.o(i.osThreadSuspendAll), (10 bytes).
    Removing cmsis_os.o(i.osThreadTerminate), (4 bytes).
    Removing cmsis_os.o(i.osThreadYield), (10 bytes).
    Removing cmsis_os.o(i.osTimerCreate), (4 bytes).
    Removing cmsis_os.o(i.osTimerDelete), (4 bytes).
    Removing cmsis_os.o(i.osTimerStart), (4 bytes).
    Removing cmsis_os.o(i.osTimerStop), (4 bytes).
    Removing queue.o(i.uxQueueMessagesWaiting), (26 bytes).
    Removing queue.o(i.uxQueueMessagesWaitingFromISR), (14 bytes).
    Removing queue.o(i.uxQueueSpacesAvailable), (30 bytes).
    Removing queue.o(i.vQueueAddToRegistry), (40 bytes).
    Removing queue.o(i.vQueueDelete), (26 bytes).
    Removing queue.o(i.vQueueUnregisterQueue), (36 bytes).
    Removing queue.o(i.xQueueGenericSendFromISR), (140 bytes).
    Removing queue.o(i.xQueueIsQueueEmptyFromISR), (22 bytes).
    Removing queue.o(i.xQueueIsQueueFullFromISR), (26 bytes).
    Removing queue.o(i.xQueuePeekFromISR), (82 bytes).
    Removing queue.o(i.xQueueReceiveFromISR), (118 bytes).
    Removing queue.o(.bss), (64 bytes).
    Removing port.o(i.vPortEndScheduler), (24 bytes).
    Removing heap_4.o(i.vPortInitialiseBlocks), (2 bytes).
    Removing heap_4.o(i.xPortGetFreeHeapSize), (12 bytes).
    Removing heap_4.o(i.xPortGetMinimumEverFreeHeapSize), (12 bytes).
    Removing tasks.o(i.ulTaskNotifyTake), (116 bytes).
    Removing tasks.o(i.uxTaskGetNumberOfTasks), (12 bytes).
    Removing tasks.o(i.uxTaskResetEventItemValue), (24 bytes).
    Removing tasks.o(i.vTaskDelay), (80 bytes).
    Removing tasks.o(i.vTaskEndScheduler), (24 bytes).
    Removing tasks.o(i.vTaskNotifyGiveFromISR), (144 bytes).
    Removing tasks.o(i.vTaskPlaceOnUnorderedEventList), (84 bytes).
    Removing tasks.o(i.xTaskGenericNotify), (168 bytes).
    Removing tasks.o(i.xTaskGetTickCount), (12 bytes).
    Removing tasks.o(i.xTaskGetTickCountFromISR), (16 bytes).
    Removing tasks.o(i.xTaskNotifyFromISR), (192 bytes).
    Removing tasks.o(i.xTaskNotifyWait), (148 bytes).
    Removing tasks.o(i.xTaskRemoveFromUnorderedEventList), (100 bytes).
    Removing startup_stm32f107xc.o(HEAP), (512 bytes).
    Removing stm32f1xx_hal_rcc.o(.rev16_text), (4 bytes).
    Removing stm32f1xx_hal_rcc.o(.revsh_text), (4 bytes).
    Removing stm32f1xx_hal_rcc.o(.rrx_text), (6 bytes).
    Removing stm32f1xx_hal_rcc.o(i.HAL_RCC_CSSCallback), (2 bytes).
    Removing stm32f1xx_hal_rcc.o(i.HAL_RCC_DeInit), (72 bytes).
    Removing stm32f1xx_hal_rcc.o(i.HAL_RCC_DisableCSS), (28 bytes).
    Removing stm32f1xx_hal_rcc.o(i.HAL_RCC_EnableCSS), (24 bytes).
    Removing stm32f1xx_hal_rcc.o(i.HAL_RCC_GetOscConfig), (196 bytes).
    Removing stm32f1xx_hal_rcc.o(i.HAL_RCC_GetPCLK2Freq), (44 bytes).
    Removing stm32f1xx_hal_rcc.o(i.HAL_RCC_MCOConfig), (72 bytes).
    Removing stm32f1xx_hal_rcc.o(i.HAL_RCC_NMI_IRQHandler), (24 bytes).
    Removing stm32f1xx_hal_gpio.o(.rev16_text), (4 bytes).
    Removing stm32f1xx_hal_gpio.o(.revsh_text), (4 bytes).
    Removing stm32f1xx_hal_gpio.o(.rrx_text), (6 bytes).
    Removing stm32f1xx_hal_gpio.o(i.HAL_GPIO_DeInit), (228 bytes).
    Removing stm32f1xx_hal_gpio.o(i.HAL_GPIO_EXTI_Callback), (2 bytes).
    Removing stm32f1xx_hal_gpio.o(i.HAL_GPIO_EXTI_IRQHandler), (24 bytes).
    Removing stm32f1xx_hal_gpio.o(i.HAL_GPIO_LockPin), (34 bytes).
    Removing stm32f1xx_hal_pwr.o(.rev16_text), (4 bytes).
    Removing stm32f1xx_hal_pwr.o(.revsh_text), (4 bytes).
    Removing stm32f1xx_hal_pwr.o(.rrx_text), (6 bytes).
    Removing stm32f1xx_hal_pwr.o(i.HAL_PWR_ConfigPVD), (124 bytes).
    Removing stm32f1xx_hal_pwr.o(i.HAL_PWR_DeInit), (24 bytes).
    Removing stm32f1xx_hal_pwr.o(i.HAL_PWR_DisableBkUpAccess), (28 bytes).
    Removing stm32f1xx_hal_pwr.o(i.HAL_PWR_DisablePVD), (24 bytes).
    Removing stm32f1xx_hal_pwr.o(i.HAL_PWR_DisableSEVOnPend), (16 bytes).
    Removing stm32f1xx_hal_pwr.o(i.HAL_PWR_DisableSleepOnExit), (16 bytes).
    Removing stm32f1xx_hal_pwr.o(i.HAL_PWR_DisableWakeUpPin), (28 bytes).
    Removing stm32f1xx_hal_pwr.o(i.HAL_PWR_EnableBkUpAccess), (24 bytes).
    Removing stm32f1xx_hal_pwr.o(i.HAL_PWR_EnablePVD), (24 bytes).
    Removing stm32f1xx_hal_pwr.o(i.HAL_PWR_EnableSEVOnPend), (16 bytes).
    Removing stm32f1xx_hal_pwr.o(i.HAL_PWR_EnableSleepOnExit), (16 bytes).
    Removing stm32f1xx_hal_pwr.o(i.HAL_PWR_EnableWakeUpPin), (28 bytes).
    Removing stm32f1xx_hal_pwr.o(i.HAL_PWR_EnterSLEEPMode), (32 bytes).
    Removing stm32f1xx_hal_pwr.o(i.HAL_PWR_EnterSTANDBYMode), (32 bytes).
    Removing stm32f1xx_hal_pwr.o(i.HAL_PWR_EnterSTOPMode), (68 bytes).
    Removing stm32f1xx_hal_pwr.o(i.HAL_PWR_PVDCallback), (2 bytes).
    Removing stm32f1xx_hal_pwr.o(i.HAL_PWR_PVD_IRQHandler), (28 bytes).
    Removing stm32f1xx_hal_pwr.o(i.PWR_OverloadWfe), (6 bytes).
    Removing stm32f1xx_hal_dma.o(.rev16_text), (4 bytes).
    Removing stm32f1xx_hal_dma.o(.revsh_text), (4 bytes).
    Removing stm32f1xx_hal_dma.o(.rrx_text), (6 bytes).
    Removing stm32f1xx_hal_dma.o(i.DMA_SetConfig), (30 bytes).
    Removing stm32f1xx_hal_dma.o(i.HAL_DMA_Abort), (86 bytes).
    Removing stm32f1xx_hal_dma.o(i.HAL_DMA_DeInit), (680 bytes).
    Removing stm32f1xx_hal_dma.o(i.HAL_DMA_GetError), (4 bytes).
    Removing stm32f1xx_hal_dma.o(i.HAL_DMA_GetState), (6 bytes).
    Removing stm32f1xx_hal_dma.o(i.HAL_DMA_IRQHandler), (1208 bytes).
    Removing stm32f1xx_hal_dma.o(i.HAL_DMA_Init), (80 bytes).
    Removing stm32f1xx_hal_dma.o(i.HAL_DMA_PollForTransfer), (1148 bytes).
    Removing stm32f1xx_hal_dma.o(i.HAL_DMA_Start), (58 bytes).
    Removing stm32f1xx_hal_dma.o(i.HAL_DMA_Start_IT), (88 bytes).
    Removing stm32f1xx_hal_cortex.o(.rev16_text), (4 bytes).
    Removing stm32f1xx_hal_cortex.o(.revsh_text), (4 bytes).
    Removing stm32f1xx_hal_cortex.o(.rrx_text), (6 bytes).
    Removing stm32f1xx_hal_cortex.o(i.HAL_NVIC_ClearPendingIRQ), (22 bytes).
    Removing stm32f1xx_hal_cortex.o(i.HAL_NVIC_DisableIRQ), (22 bytes).
    Removing stm32f1xx_hal_cortex.o(i.HAL_NVIC_GetActive), (32 bytes).
    Removing stm32f1xx_hal_cortex.o(i.HAL_NVIC_GetPendingIRQ), (32 bytes).
    Removing stm32f1xx_hal_cortex.o(i.HAL_NVIC_GetPriority), (82 bytes).
    Removing stm32f1xx_hal_cortex.o(i.HAL_NVIC_GetPriorityGrouping), (16 bytes).
    Removing stm32f1xx_hal_cortex.o(i.HAL_NVIC_SetPendingIRQ), (22 bytes).
    Removing stm32f1xx_hal_cortex.o(i.HAL_NVIC_SystemReset), (36 bytes).
    Removing stm32f1xx_hal_cortex.o(i.HAL_SYSTICK_Callback), (2 bytes).
    Removing stm32f1xx_hal_cortex.o(i.HAL_SYSTICK_IRQHandler), (8 bytes).
    Removing stm32f1xx_hal.o(.rev16_text), (4 bytes).
    Removing stm32f1xx_hal.o(.revsh_text), (4 bytes).
    Removing stm32f1xx_hal.o(.rrx_text), (6 bytes).
    Removing stm32f1xx_hal.o(i.HAL_DBGMCU_DisableDBGSleepMode), (16 bytes).
    Removing stm32f1xx_hal.o(i.HAL_DBGMCU_DisableDBGStandbyMode), (16 bytes).
    Removing stm32f1xx_hal.o(i.HAL_DBGMCU_DisableDBGStopMode), (16 bytes).
    Removing stm32f1xx_hal.o(i.HAL_DBGMCU_EnableDBGSleepMode), (16 bytes).
    Removing stm32f1xx_hal.o(i.HAL_DBGMCU_EnableDBGStandbyMode), (16 bytes).
    Removing stm32f1xx_hal.o(i.HAL_DBGMCU_EnableDBGStopMode), (16 bytes).
    Removing stm32f1xx_hal.o(i.HAL_DeInit), (36 bytes).
    Removing stm32f1xx_hal.o(i.HAL_GetDEVID), (16 bytes).
    Removing stm32f1xx_hal.o(i.HAL_GetHalVersion), (8 bytes).
    Removing stm32f1xx_hal.o(i.HAL_GetREVID), (28 bytes).
    Removing stm32f1xx_hal.o(i.HAL_InitTick), (34 bytes).
    Removing stm32f1xx_hal.o(i.HAL_MspDeInit), (2 bytes).
    Removing stm32f1xx_hal.o(i.HAL_MspInit), (2 bytes).
    Removing stm32f1xx_hal.o(i.HAL_ResumeTick), (14 bytes).
    Removing stm32f1xx_hal.o(i.HAL_SuspendTick), (14 bytes).
    Removing stm32f1xx_hal_flash.o(.rev16_text), (4 bytes).
    Removing stm32f1xx_hal_flash.o(.revsh_text), (4 bytes).
    Removing stm32f1xx_hal_flash.o(.rrx_text), (6 bytes).
    Removing stm32f1xx_hal_flash.o(i.FLASH_Program_HalfWord), (28 bytes).
    Removing stm32f1xx_hal_flash.o(i.FLASH_SetErrorCode), (68 bytes).
    Removing stm32f1xx_hal_flash.o(i.FLASH_WaitForLastOperation), (84 bytes).
    Removing stm32f1xx_hal_flash.o(i.HAL_FLASH_EndOfOperationCallback), (2 bytes).
    Removing stm32f1xx_hal_flash.o(i.HAL_FLASH_GetError), (12 bytes).
    Removing stm32f1xx_hal_flash.o(i.HAL_FLASH_IRQHandler), (260 bytes).
    Removing stm32f1xx_hal_flash.o(i.HAL_FLASH_Lock), (20 bytes).
    Removing stm32f1xx_hal_flash.o(i.HAL_FLASH_OB_Launch), (10 bytes).
    Removing stm32f1xx_hal_flash.o(i.HAL_FLASH_OB_Lock), (20 bytes).
    Removing stm32f1xx_hal_flash.o(i.HAL_FLASH_OB_Unlock), (36 bytes).
    Removing stm32f1xx_hal_flash.o(i.HAL_FLASH_OperationErrorCallback), (2 bytes).
    Removing stm32f1xx_hal_flash.o(i.HAL_FLASH_Program), (128 bytes).
    Removing stm32f1xx_hal_flash.o(i.HAL_FLASH_Program_IT), (100 bytes).
    Removing stm32f1xx_hal_flash.o(i.HAL_FLASH_Unlock), (36 bytes).
    Removing stm32f1xx_hal_flash.o(.bss), (32 bytes).
    Removing stm32f1xx_hal_tim.o(.rev16_text), (4 bytes).
    Removing stm32f1xx_hal_tim.o(.revsh_text), (4 bytes).
    Removing stm32f1xx_hal_tim.o(.rrx_text), (6 bytes).
    Removing stm32f1xx_hal_tim.o(i.HAL_TIM_Base_DeInit), (56 bytes).
    Removing stm32f1xx_hal_tim.o(i.HAL_TIM_Base_GetState), (6 bytes).
    Removing stm32f1xx_hal_tim.o(i.HAL_TIM_Base_MspDeInit), (2 bytes).
    Removing stm32f1xx_hal_tim.o(i.HAL_TIM_Base_Start), (26 bytes).
    Removing stm32f1xx_hal_tim.o(i.HAL_TIM_Base_Start_DMA), (92 bytes).
    Removing stm32f1xx_hal_tim.o(i.HAL_TIM_Base_Stop), (44 bytes).
    Removing stm32f1xx_hal_tim.o(i.HAL_TIM_Base_Stop_DMA), (48 bytes).
    Removing stm32f1xx_hal_tim.o(i.HAL_TIM_Base_Stop_IT), (42 bytes).
    Removing stm32f1xx_hal_tim.o(i.HAL_TIM_ConfigClockSource), (242 bytes).
    Removing stm32f1xx_hal_tim.o(i.HAL_TIM_ConfigOCrefClear), (194 bytes).
    Removing stm32f1xx_hal_tim.o(i.HAL_TIM_ConfigTI1Input), (16 bytes).
    Removing stm32f1xx_hal_tim.o(i.HAL_TIM_DMABurst_ReadStart), (260 bytes).
    Removing stm32f1xx_hal_tim.o(i.HAL_TIM_DMABurst_ReadStop), (96 bytes).
    Removing stm32f1xx_hal_tim.o(i.HAL_TIM_DMABurst_WriteStart), (260 bytes).
    Removing stm32f1xx_hal_tim.o(i.HAL_TIM_DMABurst_WriteStop), (96 bytes).
    Removing stm32f1xx_hal_tim.o(i.HAL_TIM_Encoder_DeInit), (56 bytes).
    Removing stm32f1xx_hal_tim.o(i.HAL_TIM_Encoder_GetState), (6 bytes).
    Removing stm32f1xx_hal_tim.o(i.HAL_TIM_Encoder_Init), (150 bytes).
    Removing stm32f1xx_hal_tim.o(i.HAL_TIM_Encoder_MspDeInit), (2 bytes).
    Removing stm32f1xx_hal_tim.o(i.HAL_TIM_Encoder_MspInit), (2 bytes).
    Removing stm32f1xx_hal_tim.o(i.HAL_TIM_Encoder_Start), (52 bytes).
    Removing stm32f1xx_hal_tim.o(i.HAL_TIM_Encoder_Start_DMA), (272 bytes).
    Removing stm32f1xx_hal_tim.o(i.HAL_TIM_Encoder_Start_IT), (92 bytes).
    Removing stm32f1xx_hal_tim.o(i.HAL_TIM_Encoder_Stop), (70 bytes).
    Removing stm32f1xx_hal_tim.o(i.HAL_TIM_Encoder_Stop_DMA), (116 bytes).
    Removing stm32f1xx_hal_tim.o(i.HAL_TIM_Encoder_Stop_IT), (116 bytes).
    Removing stm32f1xx_hal_tim.o(i.HAL_TIM_ErrorCallback), (2 bytes).
    Removing stm32f1xx_hal_tim.o(i.HAL_TIM_GenerateEvent), (38 bytes).
    Removing stm32f1xx_hal_tim.o(i.HAL_TIM_IC_ConfigChannel), (286 bytes).
    Removing stm32f1xx_hal_tim.o(i.HAL_TIM_IC_DeInit), (56 bytes).
    Removing stm32f1xx_hal_tim.o(i.HAL_TIM_IC_GetState), (6 bytes).
    Removing stm32f1xx_hal_tim.o(i.HAL_TIM_IC_Init), (54 bytes).
    Removing stm32f1xx_hal_tim.o(i.HAL_TIM_IC_MspDeInit), (2 bytes).
    Removing stm32f1xx_hal_tim.o(i.HAL_TIM_IC_MspInit), (2 bytes).
    Removing stm32f1xx_hal_tim.o(i.HAL_TIM_IC_Start), (26 bytes).
    Removing stm32f1xx_hal_tim.o(i.HAL_TIM_IC_Start_DMA), (200 bytes).
    Removing stm32f1xx_hal_tim.o(i.HAL_TIM_IC_Start_IT), (76 bytes).
    Removing stm32f1xx_hal_tim.o(i.HAL_TIM_IC_Stop), (44 bytes).
    Removing stm32f1xx_hal_tim.o(i.HAL_TIM_IC_Stop_DMA), (100 bytes).
    Removing stm32f1xx_hal_tim.o(i.HAL_TIM_IC_Stop_IT), (94 bytes).
    Removing stm32f1xx_hal_tim.o(i.HAL_TIM_OC_ConfigChannel), (86 bytes).
    Removing stm32f1xx_hal_tim.o(i.HAL_TIM_OC_DeInit), (56 bytes).
    Removing stm32f1xx_hal_tim.o(i.HAL_TIM_OC_GetState), (6 bytes).
    Removing stm32f1xx_hal_tim.o(i.HAL_TIM_OC_Init), (54 bytes).
    Removing stm32f1xx_hal_tim.o(i.HAL_TIM_OC_MspDeInit), (2 bytes).
    Removing stm32f1xx_hal_tim.o(i.HAL_TIM_OC_MspInit), (2 bytes).
    Removing stm32f1xx_hal_tim.o(i.HAL_TIM_OC_Start), (48 bytes).
    Removing stm32f1xx_hal_tim.o(i.HAL_TIM_OC_Start_DMA), (228 bytes).
    Removing stm32f1xx_hal_tim.o(i.HAL_TIM_OC_Start_IT), (96 bytes).
    Removing stm32f1xx_hal_tim.o(i.HAL_TIM_OC_Stop), (76 bytes).
    Removing stm32f1xx_hal_tim.o(i.HAL_TIM_OC_Stop_DMA), (132 bytes).
    Removing stm32f1xx_hal_tim.o(i.HAL_TIM_OC_Stop_IT), (128 bytes).
    Removing stm32f1xx_hal_tim.o(i.HAL_TIM_OnePulse_ConfigChannel), (218 bytes).
    Removing stm32f1xx_hal_tim.o(i.HAL_TIM_OnePulse_DeInit), (56 bytes).
    Removing stm32f1xx_hal_tim.o(i.HAL_TIM_OnePulse_GetState), (6 bytes).
    Removing stm32f1xx_hal_tim.o(i.HAL_TIM_OnePulse_Init), (74 bytes).
    Removing stm32f1xx_hal_tim.o(i.HAL_TIM_OnePulse_MspDeInit), (2 bytes).
    Removing stm32f1xx_hal_tim.o(i.HAL_TIM_OnePulse_MspInit), (2 bytes).
    Removing stm32f1xx_hal_tim.o(i.HAL_TIM_OnePulse_Start), (48 bytes).
    Removing stm32f1xx_hal_tim.o(i.HAL_TIM_OnePulse_Start_IT), (68 bytes).
    Removing stm32f1xx_hal_tim.o(i.HAL_TIM_OnePulse_Stop), (88 bytes).
    Removing stm32f1xx_hal_tim.o(i.HAL_TIM_OnePulse_Stop_IT), (108 bytes).
    Removing stm32f1xx_hal_tim.o(i.HAL_TIM_PWM_ConfigChannel), (208 bytes).
    Removing stm32f1xx_hal_tim.o(i.HAL_TIM_PWM_DeInit), (56 bytes).
    Removing stm32f1xx_hal_tim.o(i.HAL_TIM_PWM_GetState), (6 bytes).
    Removing stm32f1xx_hal_tim.o(i.HAL_TIM_PWM_Init), (54 bytes).
    Removing stm32f1xx_hal_tim.o(i.HAL_TIM_PWM_MspDeInit), (2 bytes).
    Removing stm32f1xx_hal_tim.o(i.HAL_TIM_PWM_MspInit), (2 bytes).
    Removing stm32f1xx_hal_tim.o(i.HAL_TIM_PWM_Start), (48 bytes).
    Removing stm32f1xx_hal_tim.o(i.HAL_TIM_PWM_Start_DMA), (228 bytes).
    Removing stm32f1xx_hal_tim.o(i.HAL_TIM_PWM_Start_IT), (96 bytes).
    Removing stm32f1xx_hal_tim.o(i.HAL_TIM_PWM_Stop), (84 bytes).
    Removing stm32f1xx_hal_tim.o(i.HAL_TIM_PWM_Stop_DMA), (132 bytes).
    Removing stm32f1xx_hal_tim.o(i.HAL_TIM_PWM_Stop_IT), (128 bytes).
    Removing stm32f1xx_hal_tim.o(i.HAL_TIM_PeriodElapsedCallback), (2 bytes).
    Removing stm32f1xx_hal_tim.o(i.HAL_TIM_ReadCapturedValue), (68 bytes).
    Removing stm32f1xx_hal_tim.o(i.HAL_TIM_SlaveConfigSynchronization), (66 bytes).
    Removing stm32f1xx_hal_tim.o(i.HAL_TIM_SlaveConfigSynchronization_IT), (66 bytes).
    Removing stm32f1xx_hal_tim.o(i.TIM_CCxChannelCmd), (22 bytes).
    Removing stm32f1xx_hal_tim.o(i.TIM_DMACaptureCplt), (62 bytes).
    Removing stm32f1xx_hal_tim.o(i.TIM_DMADelayPulseCplt), (62 bytes).
    Removing stm32f1xx_hal_tim.o(i.TIM_DMAError), (16 bytes).
    Removing stm32f1xx_hal_tim.o(i.TIM_DMAPeriodElapsedCplt), (16 bytes).
    Removing stm32f1xx_hal_tim.o(i.TIM_DMATriggerCplt), (16 bytes).
    Removing stm32f1xx_hal_tim.o(i.TIM_ETR_SetConfig), (20 bytes).
    Removing stm32f1xx_hal_tim.o(i.TIM_ITRx_SetConfig), (16 bytes).
    Removing stm32f1xx_hal_tim.o(i.TIM_OC1_SetConfig), (80 bytes).
    Removing stm32f1xx_hal_tim.o(i.TIM_OC2_SetConfig), (88 bytes).
    Removing stm32f1xx_hal_tim.o(i.TIM_OC3_SetConfig), (88 bytes).
    Removing stm32f1xx_hal_tim.o(i.TIM_OC4_SetConfig), (68 bytes).
    Removing stm32f1xx_hal_tim.o(i.TIM_SlaveTimer_SetConfig), (124 bytes).
    Removing stm32f1xx_hal_tim.o(i.TIM_TI1_ConfigInputStage), (34 bytes).
    Removing stm32f1xx_hal_tim.o(i.TIM_TI1_SetConfig), (100 bytes).
    Removing stm32f1xx_hal_tim.o(i.TIM_TI2_ConfigInputStage), (36 bytes).
    Removing stm32f1xx_hal_tim.o(i.TIM_TI2_SetConfig), (54 bytes).
    Removing stm32f1xx_hal_rcc_ex.o(.rev16_text), (4 bytes).
    Removing stm32f1xx_hal_rcc_ex.o(.revsh_text), (4 bytes).
    Removing stm32f1xx_hal_rcc_ex.o(.rrx_text), (6 bytes).
    Removing stm32f1xx_hal_rcc_ex.o(i.HAL_RCCEx_DisablePLL2), (136 bytes).
    Removing stm32f1xx_hal_rcc_ex.o(i.HAL_RCCEx_DisablePLLI2S), (120 bytes).
    Removing stm32f1xx_hal_rcc_ex.o(i.HAL_RCCEx_EnablePLL2), (256 bytes).
    Removing stm32f1xx_hal_rcc_ex.o(i.HAL_RCCEx_EnablePLLI2S), (248 bytes).
    Removing stm32f1xx_hal_rcc_ex.o(i.HAL_RCCEx_GetPeriphCLKConfig), (68 bytes).
    Removing stm32f1xx_hal_rcc_ex.o(i.HAL_RCCEx_GetPeriphCLKFreq), (476 bytes).
    Removing stm32f1xx_hal_rcc_ex.o(i.HAL_RCCEx_PeriphCLKConfig), (508 bytes).
    Removing stm32f1xx_hal_tim_ex.o(.rev16_text), (4 bytes).
    Removing stm32f1xx_hal_tim_ex.o(.revsh_text), (4 bytes).
    Removing stm32f1xx_hal_tim_ex.o(.rrx_text), (6 bytes).
    Removing stm32f1xx_hal_tim_ex.o(i.HAL_TIMEx_ConfigBreakDeadTime), (66 bytes).
    Removing stm32f1xx_hal_tim_ex.o(i.HAL_TIMEx_ConfigCommutationEvent), (92 bytes).
    Removing stm32f1xx_hal_tim_ex.o(i.HAL_TIMEx_ConfigCommutationEvent_DMA), (124 bytes).
    Removing stm32f1xx_hal_tim_ex.o(i.HAL_TIMEx_ConfigCommutationEvent_IT), (102 bytes).
    Removing stm32f1xx_hal_tim_ex.o(i.HAL_TIMEx_HallSensor_DeInit), (56 bytes).
    Removing stm32f1xx_hal_tim_ex.o(i.HAL_TIMEx_HallSensor_GetState), (6 bytes).
    Removing stm32f1xx_hal_tim_ex.o(i.HAL_TIMEx_HallSensor_Init), (188 bytes).
    Removing stm32f1xx_hal_tim_ex.o(i.HAL_TIMEx_HallSensor_MspDeInit), (2 bytes).
    Removing stm32f1xx_hal_tim_ex.o(i.HAL_TIMEx_HallSensor_MspInit), (2 bytes).
    Removing stm32f1xx_hal_tim_ex.o(i.HAL_TIMEx_HallSensor_Start), (28 bytes).
    Removing stm32f1xx_hal_tim_ex.o(i.HAL_TIMEx_HallSensor_Start_DMA), (104 bytes).
    Removing stm32f1xx_hal_tim_ex.o(i.HAL_TIMEx_HallSensor_Start_IT), (38 bytes).
    Removing stm32f1xx_hal_tim_ex.o(i.HAL_TIMEx_HallSensor_Stop), (46 bytes).
    Removing stm32f1xx_hal_tim_ex.o(i.HAL_TIMEx_HallSensor_Stop_DMA), (56 bytes).
    Removing stm32f1xx_hal_tim_ex.o(i.HAL_TIMEx_HallSensor_Stop_IT), (56 bytes).
    Removing stm32f1xx_hal_tim_ex.o(i.HAL_TIMEx_MasterConfigSynchronization), (80 bytes).
    Removing stm32f1xx_hal_tim_ex.o(i.HAL_TIMEx_OCN_Start), (36 bytes).
    Removing stm32f1xx_hal_tim_ex.o(i.HAL_TIMEx_OCN_Start_DMA), (220 bytes).
    Removing stm32f1xx_hal_tim_ex.o(i.HAL_TIMEx_OCN_Start_IT), (96 bytes).
    Removing stm32f1xx_hal_tim_ex.o(i.HAL_TIMEx_OCN_Stop), (68 bytes).
    Removing stm32f1xx_hal_tim_ex.o(i.HAL_TIMEx_OCN_Stop_DMA), (124 bytes).
    Removing stm32f1xx_hal_tim_ex.o(i.HAL_TIMEx_OCN_Stop_IT), (134 bytes).
    Removing stm32f1xx_hal_tim_ex.o(i.HAL_TIMEx_OnePulseN_Start), (26 bytes).
    Removing stm32f1xx_hal_tim_ex.o(i.HAL_TIMEx_OnePulseN_Start_IT), (46 bytes).
    Removing stm32f1xx_hal_tim_ex.o(i.HAL_TIMEx_OnePulseN_Stop), (68 bytes).
    Removing stm32f1xx_hal_tim_ex.o(i.HAL_TIMEx_OnePulseN_Stop_IT), (88 bytes).
    Removing stm32f1xx_hal_tim_ex.o(i.HAL_TIMEx_PWMN_Start), (36 bytes).
    Removing stm32f1xx_hal_tim_ex.o(i.HAL_TIMEx_PWMN_Start_DMA), (220 bytes).
    Removing stm32f1xx_hal_tim_ex.o(i.HAL_TIMEx_PWMN_Start_IT), (96 bytes).
    Removing stm32f1xx_hal_tim_ex.o(i.HAL_TIMEx_PWMN_Stop), (68 bytes).
    Removing stm32f1xx_hal_tim_ex.o(i.HAL_TIMEx_PWMN_Stop_DMA), (124 bytes).
    Removing stm32f1xx_hal_tim_ex.o(i.HAL_TIMEx_PWMN_Stop_IT), (134 bytes).
    Removing stm32f1xx_hal_tim_ex.o(i.TIMEx_DMACommutationCplt), (16 bytes).
    Removing stm32f1xx_hal_tim_ex.o(i.TIM_CCxNChannelCmd), (22 bytes).
    Removing stm32f1xx_hal_flash_ex.o(.rev16_text), (4 bytes).
    Removing stm32f1xx_hal_flash_ex.o(.revsh_text), (4 bytes).
    Removing stm32f1xx_hal_flash_ex.o(.rrx_text), (6 bytes).
    Removing stm32f1xx_hal_flash_ex.o(i.FLASH_MassErase), (36 bytes).
    Removing stm32f1xx_hal_flash_ex.o(i.FLASH_OB_DisableWRP), (176 bytes).
    Removing stm32f1xx_hal_flash_ex.o(i.FLASH_OB_EnableWRP), (176 bytes).
    Removing stm32f1xx_hal_flash_ex.o(i.FLASH_OB_GetRDP), (24 bytes).
    Removing stm32f1xx_hal_flash_ex.o(i.FLASH_OB_RDP_LevelConfig), (100 bytes).
    Removing stm32f1xx_hal_flash_ex.o(i.FLASH_PageErase), (36 bytes).
    Removing stm32f1xx_hal_flash_ex.o(i.HAL_FLASHEx_Erase), (168 bytes).
    Removing stm32f1xx_hal_flash_ex.o(i.HAL_FLASHEx_Erase_IT), (84 bytes).
    Removing stm32f1xx_hal_flash_ex.o(i.HAL_FLASHEx_OBErase), (84 bytes).
    Removing stm32f1xx_hal_flash_ex.o(i.HAL_FLASHEx_OBGetConfig), (48 bytes).
    Removing stm32f1xx_hal_flash_ex.o(i.HAL_FLASHEx_OBGetUserData), (48 bytes).
    Removing stm32f1xx_hal_flash_ex.o(i.HAL_FLASHEx_OBProgram), (200 bytes).
    Removing system_stm32f1xx.o(.rev16_text), (4 bytes).
    Removing system_stm32f1xx.o(.revsh_text), (4 bytes).
    Removing system_stm32f1xx.o(.rrx_text), (6 bytes).
    Removing system_stm32f1xx.o(i.SystemCoreClockUpdate), (164 bytes).
    Removing system_stm32f1xx.o(.constdata), (16 bytes).

374 unused section(s) (total 23972 bytes) removed from the image.

==============================================================================

Image Symbol Table

    Local Symbols

    Symbol Name                              Value     Ov Type        Size  Object(Section)

    ../Drivers/CMSIS/Device/ST/STM32F1xx/Source/Templates/system_stm32f1xx.c 0x00000000   Number         0  system_stm32f1xx.o ABSOLUTE
    ../Drivers/STM32F1xx_HAL_Driver/Src/stm32f1xx_hal.c 0x00000000   Number         0  stm32f1xx_hal.o ABSOLUTE
    ../Drivers/STM32F1xx_HAL_Driver/Src/stm32f1xx_hal_cortex.c 0x00000000   Number         0  stm32f1xx_hal_cortex.o ABSOLUTE
    ../Drivers/STM32F1xx_HAL_Driver/Src/stm32f1xx_hal_dma.c 0x00000000   Number         0  stm32f1xx_hal_dma.o ABSOLUTE
    ../Drivers/STM32F1xx_HAL_Driver/Src/stm32f1xx_hal_flash.c 0x00000000   Number         0  stm32f1xx_hal_flash.o ABSOLUTE
    ../Drivers/STM32F1xx_HAL_Driver/Src/stm32f1xx_hal_flash_ex.c 0x00000000   Number         0  stm32f1xx_hal_flash_ex.o ABSOLUTE
    ../Drivers/STM32F1xx_HAL_Driver/Src/stm32f1xx_hal_gpio.c 0x00000000   Number         0  stm32f1xx_hal_gpio.o ABSOLUTE
    ../Drivers/STM32F1xx_HAL_Driver/Src/stm32f1xx_hal_pwr.c 0x00000000   Number         0  stm32f1xx_hal_pwr.o ABSOLUTE
    ../Drivers/STM32F1xx_HAL_Driver/Src/stm32f1xx_hal_rcc.c 0x00000000   Number         0  stm32f1xx_hal_rcc.o ABSOLUTE
    ../Drivers/STM32F1xx_HAL_Driver/Src/stm32f1xx_hal_rcc_ex.c 0x00000000   Number         0  stm32f1xx_hal_rcc_ex.o ABSOLUTE
    ../Drivers/STM32F1xx_HAL_Driver/Src/stm32f1xx_hal_tim.c 0x00000000   Number         0  stm32f1xx_hal_tim.o ABSOLUTE
    ../Drivers/STM32F1xx_HAL_Driver/Src/stm32f1xx_hal_tim_ex.c 0x00000000   Number         0  stm32f1xx_hal_tim_ex.o ABSOLUTE
    ../Middlewares/Third_Party/FreeRTOS/Source/CMSIS_RTOS/cmsis_os.c 0x00000000   Number         0  cmsis_os.o ABSOLUTE
    ../Middlewares/Third_Party/FreeRTOS/Source/croutine.c 0x00000000   Number         0  croutine.o ABSOLUTE
    ../Middlewares/Third_Party/FreeRTOS/Source/event_groups.c 0x00000000   Number         0  event_groups.o ABSOLUTE
    ../Middlewares/Third_Party/FreeRTOS/Source/list.c 0x00000000   Number         0  list.o ABSOLUTE
    ../Middlewares/Third_Party/FreeRTOS/Source/portable/MemMang/heap_4.c 0x00000000   Number         0  heap_4.o ABSOLUTE
    ../Middlewares/Third_Party/FreeRTOS/Source/portable/RVDS/ARM_CM3/port.c 0x00000000   Number         0  port.o ABSOLUTE
    ../Middlewares/Third_Party/FreeRTOS/Source/queue.c 0x00000000   Number         0  queue.o ABSOLUTE
    ../Middlewares/Third_Party/FreeRTOS/Source/tasks.c 0x00000000   Number         0  tasks.o ABSOLUTE
    ../Middlewares/Third_Party/FreeRTOS/Source/timers.c 0x00000000   Number         0  timers.o ABSOLUTE
    ../Src/gpio.c                            0x00000000   Number         0  gpio.o ABSOLUTE
    ../Src/main.c                            0x00000000   Number         0  main.o ABSOLUTE
    ../Src/stm32f1xx_hal_msp.c               0x00000000   Number         0  stm32f1xx_hal_msp.o ABSOLUTE
    ../Src/stm32f1xx_hal_timebase_TIM.c      0x00000000   Number         0  stm32f1xx_hal_timebase_tim.o ABSOLUTE
    ../Src/stm32f1xx_it.c                    0x00000000   Number         0  stm32f1xx_it.o ABSOLUTE
    ../clib/microlib/init/entry.s            0x00000000   Number         0  entry2.o ABSOLUTE
    ../clib/microlib/init/entry.s            0x00000000   Number         0  entry11b.o ABSOLUTE
    ../clib/microlib/init/entry.s            0x00000000   Number         0  entry10b.o ABSOLUTE
    ../clib/microlib/init/entry.s            0x00000000   Number         0  entry10a.o ABSOLUTE
    ../clib/microlib/init/entry.s            0x00000000   Number         0  entry9b.o ABSOLUTE
    ../clib/microlib/init/entry.s            0x00000000   Number         0  entry11a.o ABSOLUTE
    ../clib/microlib/init/entry.s            0x00000000   Number         0  entry.o ABSOLUTE
    ../clib/microlib/init/entry.s            0x00000000   Number         0  entry9a.o ABSOLUTE
    ../clib/microlib/init/entry.s            0x00000000   Number         0  entry8b.o ABSOLUTE
    ../clib/microlib/init/entry.s            0x00000000   Number         0  entry8a.o ABSOLUTE
    ../clib/microlib/init/entry.s            0x00000000   Number         0  entry7a.o ABSOLUTE
    ../clib/microlib/init/entry.s            0x00000000   Number         0  entry5.o ABSOLUTE
    ../clib/microlib/init/entry.s            0x00000000   Number         0  entry7b.o ABSOLUTE
    ../clib/microlib/longlong.c              0x00000000   Number         0  llushr.o ABSOLUTE
    ../clib/microlib/string/memcpy.c         0x00000000   Number         0  memcpyb.o ABSOLUTE
    ../clib/microlib/string/memcpy.c         0x00000000   Number         0  memcpya.o ABSOLUTE
    ..\Drivers\CMSIS\Device\ST\STM32F1xx\Source\Templates\system_stm32f1xx.c 0x00000000   Number         0  system_stm32f1xx.o ABSOLUTE
    ..\Drivers\STM32F1xx_HAL_Driver\Src\stm32f1xx_hal.c 0x00000000   Number         0  stm32f1xx_hal.o ABSOLUTE
    ..\Drivers\STM32F1xx_HAL_Driver\Src\stm32f1xx_hal_cortex.c 0x00000000   Number         0  stm32f1xx_hal_cortex.o ABSOLUTE
    ..\Drivers\STM32F1xx_HAL_Driver\Src\stm32f1xx_hal_dma.c 0x00000000   Number         0  stm32f1xx_hal_dma.o ABSOLUTE
    ..\Drivers\STM32F1xx_HAL_Driver\Src\stm32f1xx_hal_flash.c 0x00000000   Number         0  stm32f1xx_hal_flash.o ABSOLUTE
    ..\Drivers\STM32F1xx_HAL_Driver\Src\stm32f1xx_hal_flash_ex.c 0x00000000   Number         0  stm32f1xx_hal_flash_ex.o ABSOLUTE
    ..\Drivers\STM32F1xx_HAL_Driver\Src\stm32f1xx_hal_gpio.c 0x00000000   Number         0  stm32f1xx_hal_gpio.o ABSOLUTE
    ..\Drivers\STM32F1xx_HAL_Driver\Src\stm32f1xx_hal_pwr.c 0x00000000   Number         0  stm32f1xx_hal_pwr.o ABSOLUTE
    ..\Drivers\STM32F1xx_HAL_Driver\Src\stm32f1xx_hal_rcc.c 0x00000000   Number         0  stm32f1xx_hal_rcc.o ABSOLUTE
    ..\Drivers\STM32F1xx_HAL_Driver\Src\stm32f1xx_hal_rcc_ex.c 0x00000000   Number         0  stm32f1xx_hal_rcc_ex.o ABSOLUTE
    ..\Drivers\STM32F1xx_HAL_Driver\Src\stm32f1xx_hal_tim.c 0x00000000   Number         0  stm32f1xx_hal_tim.o ABSOLUTE
    ..\Drivers\STM32F1xx_HAL_Driver\Src\stm32f1xx_hal_tim_ex.c 0x00000000   Number         0  stm32f1xx_hal_tim_ex.o ABSOLUTE
    ..\Middlewares\Third_Party\FreeRTOS\Source\CMSIS_RTOS\cmsis_os.c 0x00000000   Number         0  cmsis_os.o ABSOLUTE
    ..\Middlewares\Third_Party\FreeRTOS\Source\portable\RVDS\ARM_CM3\port.c 0x00000000   Number         0  port.o ABSOLUTE
    ..\Src\gpio.c                            0x00000000   Number         0  gpio.o ABSOLUTE
    ..\Src\main.c                            0x00000000   Number         0  main.o ABSOLUTE
    ..\Src\stm32f1xx_hal_msp.c               0x00000000   Number         0  stm32f1xx_hal_msp.o ABSOLUTE
    ..\Src\stm32f1xx_hal_timebase_TIM.c      0x00000000   Number         0  stm32f1xx_hal_timebase_tim.o ABSOLUTE
    ..\Src\stm32f1xx_it.c                    0x00000000   Number         0  stm32f1xx_it.o ABSOLUTE
    dc.s                                     0x00000000   Number         0  dc.o ABSOLUTE
    handlers.s                               0x00000000   Number         0  handlers.o ABSOLUTE
    init.s                                   0x00000000   Number         0  init.o ABSOLUTE
    startup_stm32f107xc.s                    0x00000000   Number         0  startup_stm32f107xc.o ABSOLUTE
    RESET                                    0x08000000   Section      336  startup_stm32f107xc.o(RESET)
    .ARM.Collect$$$$00000000                 0x08000150   Section        0  entry.o(.ARM.Collect$$$$00000000)
    .ARM.Collect$$$$00000001                 0x08000150   Section        4  entry2.o(.ARM.Collect$$$$00000001)
    .ARM.Collect$$$$00000004                 0x08000154   Section        4  entry5.o(.ARM.Collect$$$$00000004)
    .ARM.Collect$$$$00000008                 0x08000158   Section        0  entry7b.o(.ARM.Collect$$$$00000008)
    .ARM.Collect$$$$0000000A                 0x08000158   Section        0  entry8b.o(.ARM.Collect$$$$0000000A)
    .ARM.Collect$$$$0000000B                 0x08000158   Section        8  entry9a.o(.ARM.Collect$$$$0000000B)
    .ARM.Collect$$$$0000000D                 0x08000160   Section        0  entry10a.o(.ARM.Collect$$$$0000000D)
    .ARM.Collect$$$$0000000F                 0x08000160   Section        0  entry11a.o(.ARM.Collect$$$$0000000F)
    .ARM.Collect$$$$00002712                 0x08000160   Section        4  entry2.o(.ARM.Collect$$$$00002712)
    __lit__00000000                          0x08000160   Data           4  entry2.o(.ARM.Collect$$$$00002712)
    .emb_text                                0x08000164   Section      162  port.o(.emb_text)
    .text                                    0x08000208   Section       36  startup_stm32f107xc.o(.text)
    .text                                    0x0800022c   Section        0  memcpya.o(.text)
    .text                                    0x08000250   Section       36  init.o(.text)
    i.BusFault_Handler                       0x08000274   Section        0  stm32f1xx_it.o(i.BusFault_Handler)
    i.DebugMon_Handler                       0x08000276   Section        0  stm32f1xx_it.o(i.DebugMon_Handler)
    i.HAL_Delay                              0x08000278   Section        0  stm32f1xx_hal.o(i.HAL_Delay)
    i.HAL_GPIO_Init                          0x08000290   Section        0  stm32f1xx_hal_gpio.o(i.HAL_GPIO_Init)
    i.HAL_GPIO_ReadPin                       0x0800044c   Section        0  stm32f1xx_hal_gpio.o(i.HAL_GPIO_ReadPin)
    i.HAL_GPIO_TogglePin                     0x08000456   Section        0  stm32f1xx_hal_gpio.o(i.HAL_GPIO_TogglePin)
    i.HAL_GPIO_WritePin                      0x0800045e   Section        0  stm32f1xx_hal_gpio.o(i.HAL_GPIO_WritePin)
    i.HAL_GetTick                            0x08000468   Section        0  stm32f1xx_hal.o(i.HAL_GetTick)
    i.HAL_IncTick                            0x08000474   Section        0  stm32f1xx_hal.o(i.HAL_IncTick)
    i.HAL_Init                               0x08000484   Section        0  stm32f1xx_hal.o(i.HAL_Init)
    i.HAL_InitTick                           0x080004a8   Section        0  stm32f1xx_hal_timebase_tim.o(i.HAL_InitTick)
    i.HAL_MspInit                            0x0800051c   Section        0  stm32f1xx_hal_msp.o(i.HAL_MspInit)
    i.HAL_NVIC_EnableIRQ                     0x08000578   Section        0  stm32f1xx_hal_cortex.o(i.HAL_NVIC_EnableIRQ)
    i.HAL_NVIC_SetPriority                   0x08000590   Section        0  stm32f1xx_hal_cortex.o(i.HAL_NVIC_SetPriority)
    i.HAL_NVIC_SetPriorityGrouping           0x080005d0   Section        0  stm32f1xx_hal_cortex.o(i.HAL_NVIC_SetPriorityGrouping)
    i.HAL_RCC_ClockConfig                    0x080005f4   Section        0  stm32f1xx_hal_rcc.o(i.HAL_RCC_ClockConfig)
    i.HAL_RCC_GetClockConfig                 0x0800087c   Section        0  stm32f1xx_hal_rcc.o(i.HAL_RCC_GetClockConfig)
    i.HAL_RCC_GetHCLKFreq                    0x080008bc   Section        0  stm32f1xx_hal_rcc.o(i.HAL_RCC_GetHCLKFreq)
    i.HAL_RCC_GetPCLK1Freq                   0x080008f0   Section        0  stm32f1xx_hal_rcc.o(i.HAL_RCC_GetPCLK1Freq)
    i.HAL_RCC_GetSysClockFreq                0x0800091c   Section        0  stm32f1xx_hal_rcc.o(i.HAL_RCC_GetSysClockFreq)
    i.HAL_RCC_OscConfig                      0x08000a00   Section        0  stm32f1xx_hal_rcc.o(i.HAL_RCC_OscConfig)
    i.HAL_SYSTICK_CLKSourceConfig            0x0800119a   Section        0  stm32f1xx_hal_cortex.o(i.HAL_SYSTICK_CLKSourceConfig)
    i.HAL_SYSTICK_Config                     0x080011b2   Section        0  stm32f1xx_hal_cortex.o(i.HAL_SYSTICK_Config)
    i.HAL_TIMEx_BreakCallback                0x080011da   Section        0  stm32f1xx_hal_tim_ex.o(i.HAL_TIMEx_BreakCallback)
    i.HAL_TIMEx_CommutationCallback          0x080011dc   Section        0  stm32f1xx_hal_tim_ex.o(i.HAL_TIMEx_CommutationCallback)
    i.HAL_TIM_Base_Init                      0x080011de   Section        0  stm32f1xx_hal_tim.o(i.HAL_TIM_Base_Init)
    i.HAL_TIM_Base_MspInit                   0x08001214   Section        0  stm32f1xx_hal_tim.o(i.HAL_TIM_Base_MspInit)
    i.HAL_TIM_Base_Start_IT                  0x08001216   Section        0  stm32f1xx_hal_tim.o(i.HAL_TIM_Base_Start_IT)
    i.HAL_TIM_IC_CaptureCallback             0x0800122e   Section        0  stm32f1xx_hal_tim.o(i.HAL_TIM_IC_CaptureCallback)
    i.HAL_TIM_IRQHandler                     0x08001230   Section        0  stm32f1xx_hal_tim.o(i.HAL_TIM_IRQHandler)
    i.HAL_TIM_OC_DelayElapsedCallback        0x08001396   Section        0  stm32f1xx_hal_tim.o(i.HAL_TIM_OC_DelayElapsedCallback)
    i.HAL_TIM_PWM_PulseFinishedCallback      0x08001398   Section        0  stm32f1xx_hal_tim.o(i.HAL_TIM_PWM_PulseFinishedCallback)
    i.HAL_TIM_PeriodElapsedCallback          0x0800139a   Section        0  stm32f1xx_hal_timebase_tim.o(i.HAL_TIM_PeriodElapsedCallback)
    i.HAL_TIM_TriggerCallback                0x0800139e   Section        0  stm32f1xx_hal_tim.o(i.HAL_TIM_TriggerCallback)
    i.HardFault_Handler                      0x080013a0   Section        0  stm32f1xx_it.o(i.HardFault_Handler)
    i.MX_GPIO_Init                           0x080013a4   Section        0  gpio.o(i.MX_GPIO_Init)
    i.MemManage_Handler                      0x08001498   Section        0  stm32f1xx_it.o(i.MemManage_Handler)
    i.NMI_Handler                            0x0800149a   Section        0  stm32f1xx_it.o(i.NMI_Handler)
    i.NVIC_SetPriority                       0x0800149c   Section        0  stm32f1xx_hal_cortex.o(i.NVIC_SetPriority)
    NVIC_SetPriority                         0x0800149d   Thumb Code    32  stm32f1xx_hal_cortex.o(i.NVIC_SetPriority)
    i.SysTick_Handler                        0x080014bc   Section        0  stm32f1xx_it.o(i.SysTick_Handler)
    i.SystemClock_Config                     0x080014c0   Section        0  main.o(i.SystemClock_Config)
    i.SystemInit                             0x08001540   Section        0  system_stm32f1xx.o(i.SystemInit)
    i.TIM6_IRQHandler                        0x08001594   Section        0  stm32f1xx_it.o(i.TIM6_IRQHandler)
    i.TIM_Base_SetConfig                     0x080015a0   Section        0  stm32f1xx_hal_tim.o(i.TIM_Base_SetConfig)
    i.UsageFault_Handler                     0x08001614   Section        0  stm32f1xx_it.o(i.UsageFault_Handler)
    i.__scatterload_copy                     0x08001616   Section       14  handlers.o(i.__scatterload_copy)
    i.__scatterload_null                     0x08001624   Section        2  handlers.o(i.__scatterload_null)
    i.__scatterload_zeroinit                 0x08001626   Section       14  handlers.o(i.__scatterload_zeroinit)
    i.main                                   0x08001634   Section        0  main.o(i.main)
    i.osSystickHandler                       0x080016e4   Section        0  cmsis_os.o(i.osSystickHandler)
    i.prvAddCurrentTaskToDelayedList         0x080016e8   Section        0  tasks.o(i.prvAddCurrentTaskToDelayedList)
    prvAddCurrentTaskToDelayedList           0x080016e9   Thumb Code    48  tasks.o(i.prvAddCurrentTaskToDelayedList)
    i.prvCopyDataFromQueue                   0x0800171c   Section        0  queue.o(i.prvCopyDataFromQueue)
    prvCopyDataFromQueue                     0x0800171d   Thumb Code    38  queue.o(i.prvCopyDataFromQueue)
    i.prvCopyDataToQueue                     0x08001742   Section        0  queue.o(i.prvCopyDataToQueue)
    prvCopyDataToQueue                       0x08001743   Thumb Code    92  queue.o(i.prvCopyDataToQueue)
    i.prvHeapInit                            0x080017a0   Section        0  heap_4.o(i.prvHeapInit)
    prvHeapInit                              0x080017a1   Thumb Code    66  heap_4.o(i.prvHeapInit)
    i.prvIdleTask                            0x080017ec   Section        0  tasks.o(i.prvIdleTask)
    prvIdleTask                              0x080017ed   Thumb Code     2  tasks.o(i.prvIdleTask)
    i.prvInsertBlockIntoFreeList             0x080017f0   Section        0  heap_4.o(i.prvInsertBlockIntoFreeList)
    prvInsertBlockIntoFreeList               0x080017f1   Thumb Code    72  heap_4.o(i.prvInsertBlockIntoFreeList)
    i.prvTaskExitError                       0x0800183c   Section        0  port.o(i.prvTaskExitError)
    prvTaskExitError                         0x0800183d   Thumb Code    20  port.o(i.prvTaskExitError)
    i.prvUnlockQueue                         0x08001854   Section        0  queue.o(i.prvUnlockQueue)
    prvUnlockQueue                           0x08001855   Thumb Code   100  queue.o(i.prvUnlockQueue)
    i.pvPortMalloc                           0x080018b8   Section        0  heap_4.o(i.pvPortMalloc)
    i.pxPortInitialiseStack                  0x08001974   Section        0  port.o(i.pxPortInitialiseStack)
    i.uxListRemove                           0x08001994   Section        0  list.o(i.uxListRemove)
    i.vApplicationTickHook                   0x080019b8   Section        0  main.o(i.vApplicationTickHook)
    i.vDisp                                  0x08001a5c   Section        0  main.o(i.vDisp)
    vDisp                                    0x08001a5d   Thumb Code   140  main.o(i.vDisp)
    i.vEncoder                               0x08001af0   Section        0  main.o(i.vEncoder)
    vEncoder                                 0x08001af1   Thumb Code   380  main.o(i.vEncoder)
    i.vListInitialise                        0x08001c7c   Section        0  list.o(i.vListInitialise)
    i.vListInitialiseItem                    0x08001c92   Section        0  list.o(i.vListInitialiseItem)
    i.vListInsert                            0x08001c98   Section        0  list.o(i.vListInsert)
    i.vListInsertEnd                         0x08001cc8   Section        0  list.o(i.vListInsertEnd)
    i.vMain                                  0x08001ce0   Section        0  main.o(i.vMain)
    vMain                                    0x08001ce1   Thumb Code   402  main.o(i.vMain)
    i.vPortEnterCritical                     0x08001e80   Section        0  port.o(i.vPortEnterCritical)
    i.vPortExitCritical                      0x08001eb4   Section        0  port.o(i.vPortExitCritical)
    i.vPortFree                              0x08001ed8   Section        0  heap_4.o(i.vPortFree)
    i.vPortSetupTimerInterrupt               0x08001f20   Section        0  port.o(i.vPortSetupTimerInterrupt)
    i.vPortValidateInterruptPriority         0x08001f40   Section        0  port.o(i.vPortValidateInterruptPriority)
    i.vPortYield                             0x08001f80   Section        0  port.o(i.vPortYield)
    i.vTaskMissedYield                       0x08001f98   Section        0  tasks.o(i.vTaskMissedYield)
    i.vTaskPlaceOnEventList                  0x08001fa4   Section        0  tasks.o(i.vTaskPlaceOnEventList)
    i.vTaskSetTimeOutState                   0x08001fe8   Section        0  tasks.o(i.vTaskSetTimeOutState)
    i.vTaskStartScheduler                    0x08002004   Section        0  tasks.o(i.vTaskStartScheduler)
    i.vTaskSuspendAll                        0x08002050   Section        0  tasks.o(i.vTaskSuspendAll)
    i.vTaskSwitchContext                     0x08002060   Section        0  tasks.o(i.vTaskSwitchContext)
    i.xPortStartScheduler                    0x080020b4   Section        0  port.o(i.xPortStartScheduler)
    i.xPortSysTickHandler                    0x08002128   Section        0  port.o(i.xPortSysTickHandler)
    i.xQueueGenericCreate                    0x0800214c   Section        0  queue.o(i.xQueueGenericCreate)
    i.xQueueGenericReceive                   0x08002194   Section        0  queue.o(i.xQueueGenericReceive)
    i.xQueueGenericReset                     0x08002296   Section        0  queue.o(i.xQueueGenericReset)
    i.xQueueGenericSend                      0x08002300   Section        0  queue.o(i.xQueueGenericSend)
    i.xQueueGiveFromISR                      0x08002404   Section        0  queue.o(i.xQueueGiveFromISR)
    i.xTaskCheckForTimeOut                   0x0800247c   Section        0  tasks.o(i.xTaskCheckForTimeOut)
    i.xTaskGenericCreate                     0x080024d0   Section        0  tasks.o(i.xTaskGenericCreate)
    i.xTaskIncrementTick                     0x08002638   Section        0  tasks.o(i.xTaskIncrementTick)
    i.xTaskRemoveFromEventList               0x08002714   Section        0  tasks.o(i.xTaskRemoveFromEventList)
    i.xTaskResumeAll                         0x08002780   Section        0  tasks.o(i.xTaskResumeAll)
    .constdata                               0x0800282c   Section       10  main.o(.constdata)
    .constdata                               0x08002836   Section       16  stm32f1xx_hal_rcc.o(.constdata)
    .data                                    0x20000000   Section       24  main.o(.data)
    rotate1                                  0x20000000   Data           1  main.o(.data)
    rotate2                                  0x20000001   Data           1  main.o(.data)
    state                                    0x20000002   Data           1  main.o(.data)
    time2ms                                  0x20000003   Data           1  main.o(.data)
    time1s                                   0x20000006   Data           2  main.o(.data)
    .data                                    0x20000018   Section       12  port.o(.data)
    ucMaxSysCallPriority                     0x20000018   Data           1  port.o(.data)
    uxCriticalNesting                        0x2000001c   Data           4  port.o(.data)
    ulMaxPRIGROUPValue                       0x20000020   Data           4  port.o(.data)
    .data                                    0x20000024   Section       24  heap_4.o(.data)
    pxEnd                                    0x20000024   Data           4  heap_4.o(.data)
    xFreeBytesRemaining                      0x20000028   Data           4  heap_4.o(.data)
    xMinimumEverFreeBytesRemaining           0x2000002c   Data           4  heap_4.o(.data)
    xBlockAllocatedBit                       0x20000030   Data           4  heap_4.o(.data)
    xStart                                   0x20000034   Data           8  heap_4.o(.data)
    .data                                    0x2000003c   Section       52  tasks.o(.data)
    uxCurrentNumberOfTasks                   0x20000040   Data           4  tasks.o(.data)
    xTickCount                               0x20000044   Data           4  tasks.o(.data)
    uxTopReadyPriority                       0x20000048   Data           4  tasks.o(.data)
    xSchedulerRunning                        0x2000004c   Data           4  tasks.o(.data)
    uxPendedTicks                            0x20000050   Data           4  tasks.o(.data)
    xYieldPending                            0x20000054   Data           4  tasks.o(.data)
    xNumOfOverflows                          0x20000058   Data           4  tasks.o(.data)
    uxTaskNumber                             0x2000005c   Data           4  tasks.o(.data)
    xNextTaskUnblockTime                     0x20000060   Data           4  tasks.o(.data)
    uxSchedulerSuspended                     0x20000064   Data           4  tasks.o(.data)
    pxDelayedTaskList                        0x20000068   Data           4  tasks.o(.data)
    pxOverflowDelayedTaskList                0x2000006c   Data           4  tasks.o(.data)
    .data                                    0x20000070   Section        4  stm32f1xx_hal.o(.data)
    uwTick                                   0x20000070   Data           4  stm32f1xx_hal.o(.data)
    .data                                    0x20000074   Section        4  system_stm32f1xx.o(.data)
    .bss                                     0x20000078   Section       60  stm32f1xx_hal_timebase_tim.o(.bss)
    .bss                                     0x200000b4   Section     4096  heap_4.o(.bss)
    ucHeap                                   0x200000b4   Data        4096  heap_4.o(.bss)
    .bss                                     0x200010b4   Section      200  tasks.o(.bss)
    pxReadyTasksLists                        0x200010b4   Data         140  tasks.o(.bss)
    xDelayedTaskList1                        0x20001140   Data          20  tasks.o(.bss)
    xDelayedTaskList2                        0x20001154   Data          20  tasks.o(.bss)
    xPendingReadyList                        0x20001168   Data          20  tasks.o(.bss)
    STACK                                    0x20001180   Section     1024  startup_stm32f107xc.o(STACK)

    Global Symbols

    Symbol Name                              Value     Ov Type        Size  Object(Section)

    BuildAttributes$$THM_ISAv4$P$D$K$B$S$PE$A:L22UL41UL21$X:L11$S22US41US21$IEEE1$IW$USESV6$~STKCKD$USESV7$~SHL$OSPACE$EBA8$MICROLIB$REQ8$PRES8$EABIv2 0x00000000   Number         0  anon$$obj.o ABSOLUTE
    __ARM_use_no_argv                        0x00000000   Number         0  main.o ABSOLUTE
    __cpp_initialize__aeabi_                  - Undefined Weak Reference
    __cxa_finalize                            - Undefined Weak Reference
    __decompress                              - Undefined Weak Reference
    _clock_init                               - Undefined Weak Reference
    _microlib_exit                            - Undefined Weak Reference
    __Vectors_Size                           0x00000150   Number         0  startup_stm32f107xc.o ABSOLUTE
    __Vectors                                0x08000000   Data           4  startup_stm32f107xc.o(RESET)
    __Vectors_End                            0x08000150   Data           0  startup_stm32f107xc.o(RESET)
    __main                                   0x08000151   Thumb Code     0  entry.o(.ARM.Collect$$$$00000000)
    _main_stk                                0x08000151   Thumb Code     0  entry2.o(.ARM.Collect$$$$00000001)
    _main_scatterload                        0x08000155   Thumb Code     0  entry5.o(.ARM.Collect$$$$00000004)
    __main_after_scatterload                 0x08000159   Thumb Code     0  entry5.o(.ARM.Collect$$$$00000004)
    _main_clock                              0x08000159   Thumb Code     0  entry7b.o(.ARM.Collect$$$$00000008)
    _main_cpp_init                           0x08000159   Thumb Code     0  entry8b.o(.ARM.Collect$$$$0000000A)
    _main_init                               0x08000159   Thumb Code     0  entry9a.o(.ARM.Collect$$$$0000000B)
    __rt_final_cpp                           0x08000161   Thumb Code     0  entry10a.o(.ARM.Collect$$$$0000000D)
    __rt_final_exit                          0x08000161   Thumb Code     0  entry11a.o(.ARM.Collect$$$$0000000F)
    SVC_Handler                              0x08000165   Thumb Code    32  port.o(.emb_text)
    __asm___6_port_c_39a90d8d__prvStartFirstTask 0x08000189   Thumb Code    28  port.o(.emb_text)
    PendSV_Handler                           0x080001a9   Thumb Code    64  port.o(.emb_text)
    ulPortSetInterruptMask                   0x080001ed   Thumb Code    14  port.o(.emb_text)
    vPortClearInterruptMask                  0x080001fb   Thumb Code     6  port.o(.emb_text)
    vPortGetIPSR                             0x08000201   Thumb Code     6  port.o(.emb_text)
    Reset_Handler                            0x08000209   Thumb Code     8  startup_stm32f107xc.o(.text)
    ADC1_2_IRQHandler                        0x08000223   Thumb Code     0  startup_stm32f107xc.o(.text)
    CAN1_RX0_IRQHandler                      0x08000223   Thumb Code     0  startup_stm32f107xc.o(.text)
    CAN1_RX1_IRQHandler                      0x08000223   Thumb Code     0  startup_stm32f107xc.o(.text)
    CAN1_SCE_IRQHandler                      0x08000223   Thumb Code     0  startup_stm32f107xc.o(.text)
    CAN1_TX_IRQHandler                       0x08000223   Thumb Code     0  startup_stm32f107xc.o(.text)
    CAN2_RX0_IRQHandler                      0x08000223   Thumb Code     0  startup_stm32f107xc.o(.text)
    CAN2_RX1_IRQHandler                      0x08000223   Thumb Code     0  startup_stm32f107xc.o(.text)
    CAN2_SCE_IRQHandler                      0x08000223   Thumb Code     0  startup_stm32f107xc.o(.text)
    CAN2_TX_IRQHandler                       0x08000223   Thumb Code     0  startup_stm32f107xc.o(.text)
    DMA1_Channel1_IRQHandler                 0x08000223   Thumb Code     0  startup_stm32f107xc.o(.text)
    DMA1_Channel2_IRQHandler                 0x08000223   Thumb Code     0  startup_stm32f107xc.o(.text)
    DMA1_Channel3_IRQHandler                 0x08000223   Thumb Code     0  startup_stm32f107xc.o(.text)
    DMA1_Channel4_IRQHandler                 0x08000223   Thumb Code     0  startup_stm32f107xc.o(.text)
    DMA1_Channel5_IRQHandler                 0x08000223   Thumb Code     0  startup_stm32f107xc.o(.text)
    DMA1_Channel6_IRQHandler                 0x08000223   Thumb Code     0  startup_stm32f107xc.o(.text)
    DMA1_Channel7_IRQHandler                 0x08000223   Thumb Code     0  startup_stm32f107xc.o(.text)
    DMA2_Channel1_IRQHandler                 0x08000223   Thumb Code     0  startup_stm32f107xc.o(.text)
    DMA2_Channel2_IRQHandler                 0x08000223   Thumb Code     0  startup_stm32f107xc.o(.text)
    DMA2_Channel3_IRQHandler                 0x08000223   Thumb Code     0  startup_stm32f107xc.o(.text)
    DMA2_Channel4_IRQHandler                 0x08000223   Thumb Code     0  startup_stm32f107xc.o(.text)
    DMA2_Channel5_IRQHandler                 0x08000223   Thumb Code     0  startup_stm32f107xc.o(.text)
    ETH_IRQHandler                           0x08000223   Thumb Code     0  startup_stm32f107xc.o(.text)
    ETH_WKUP_IRQHandler                      0x08000223   Thumb Code     0  startup_stm32f107xc.o(.text)
    EXTI0_IRQHandler                         0x08000223   Thumb Code     0  startup_stm32f107xc.o(.text)
    EXTI15_10_IRQHandler                     0x08000223   Thumb Code     0  startup_stm32f107xc.o(.text)
    EXTI1_IRQHandler                         0x08000223   Thumb Code     0  startup_stm32f107xc.o(.text)
    EXTI2_IRQHandler                         0x08000223   Thumb Code     0  startup_stm32f107xc.o(.text)
    EXTI3_IRQHandler                         0x08000223   Thumb Code     0  startup_stm32f107xc.o(.text)
    EXTI4_IRQHandler                         0x08000223   Thumb Code     0  startup_stm32f107xc.o(.text)
    EXTI9_5_IRQHandler                       0x08000223   Thumb Code     0  startup_stm32f107xc.o(.text)
    FLASH_IRQHandler                         0x08000223   Thumb Code     0  startup_stm32f107xc.o(.text)
    I2C1_ER_IRQHandler                       0x08000223   Thumb Code     0  startup_stm32f107xc.o(.text)
    I2C1_EV_IRQHandler                       0x08000223   Thumb Code     0  startup_stm32f107xc.o(.text)
    I2C2_ER_IRQHandler                       0x08000223   Thumb Code     0  startup_stm32f107xc.o(.text)
    I2C2_EV_IRQHandler                       0x08000223   Thumb Code     0  startup_stm32f107xc.o(.text)
    OTG_FS_IRQHandler                        0x08000223   Thumb Code     0  startup_stm32f107xc.o(.text)
    OTG_FS_WKUP_IRQHandler                   0x08000223   Thumb Code     0  startup_stm32f107xc.o(.text)
    PVD_IRQHandler                           0x08000223   Thumb Code     0  startup_stm32f107xc.o(.text)
    RCC_IRQHandler                           0x08000223   Thumb Code     0  startup_stm32f107xc.o(.text)
    RTC_Alarm_IRQHandler                     0x08000223   Thumb Code     0  startup_stm32f107xc.o(.text)
    RTC_IRQHandler                           0x08000223   Thumb Code     0  startup_stm32f107xc.o(.text)
    SPI1_IRQHandler                          0x08000223   Thumb Code     0  startup_stm32f107xc.o(.text)
    SPI2_IRQHandler                          0x08000223   Thumb Code     0  startup_stm32f107xc.o(.text)
    SPI3_IRQHandler                          0x08000223   Thumb Code     0  startup_stm32f107xc.o(.text)
    TAMPER_IRQHandler                        0x08000223   Thumb Code     0  startup_stm32f107xc.o(.text)
    TIM1_BRK_IRQHandler                      0x08000223   Thumb Code     0  startup_stm32f107xc.o(.text)
    TIM1_CC_IRQHandler                       0x08000223   Thumb Code     0  startup_stm32f107xc.o(.text)
    TIM1_TRG_COM_IRQHandler                  0x08000223   Thumb Code     0  startup_stm32f107xc.o(.text)
    TIM1_UP_IRQHandler                       0x08000223   Thumb Code     0  startup_stm32f107xc.o(.text)
    TIM2_IRQHandler                          0x08000223   Thumb Code     0  startup_stm32f107xc.o(.text)
    TIM3_IRQHandler                          0x08000223   Thumb Code     0  startup_stm32f107xc.o(.text)
    TIM4_IRQHandler                          0x08000223   Thumb Code     0  startup_stm32f107xc.o(.text)
    TIM5_IRQHandler                          0x08000223   Thumb Code     0  startup_stm32f107xc.o(.text)
    TIM7_IRQHandler                          0x08000223   Thumb Code     0  startup_stm32f107xc.o(.text)
    UART4_IRQHandler                         0x08000223   Thumb Code     0  startup_stm32f107xc.o(.text)
    UART5_IRQHandler                         0x08000223   Thumb Code     0  startup_stm32f107xc.o(.text)
    USART1_IRQHandler                        0x08000223   Thumb Code     0  startup_stm32f107xc.o(.text)
    USART2_IRQHandler                        0x08000223   Thumb Code     0  startup_stm32f107xc.o(.text)
    USART3_IRQHandler                        0x08000223   Thumb Code     0  startup_stm32f107xc.o(.text)
    WWDG_IRQHandler                          0x08000223   Thumb Code     0  startup_stm32f107xc.o(.text)
    __aeabi_memcpy                           0x0800022d   Thumb Code    36  memcpya.o(.text)
    __aeabi_memcpy4                          0x0800022d   Thumb Code     0  memcpya.o(.text)
    __aeabi_memcpy8                          0x0800022d   Thumb Code     0  memcpya.o(.text)
    __scatterload                            0x08000251   Thumb Code    28  init.o(.text)
    __scatterload_rt2                        0x08000251   Thumb Code     0  init.o(.text)
    BusFault_Handler                         0x08000275   Thumb Code     2  stm32f1xx_it.o(i.BusFault_Handler)
    DebugMon_Handler                         0x08000277   Thumb Code     2  stm32f1xx_it.o(i.DebugMon_Handler)
    HAL_Delay                                0x08000279   Thumb Code    22  stm32f1xx_hal.o(i.HAL_Delay)
    HAL_GPIO_Init                            0x08000291   Thumb Code   408  stm32f1xx_hal_gpio.o(i.HAL_GPIO_Init)
    HAL_GPIO_ReadPin                         0x0800044d   Thumb Code    10  stm32f1xx_hal_gpio.o(i.HAL_GPIO_ReadPin)
    HAL_GPIO_TogglePin                       0x08000457   Thumb Code     8  stm32f1xx_hal_gpio.o(i.HAL_GPIO_TogglePin)
    HAL_GPIO_WritePin                        0x0800045f   Thumb Code    10  stm32f1xx_hal_gpio.o(i.HAL_GPIO_WritePin)
    HAL_GetTick                              0x08000469   Thumb Code     6  stm32f1xx_hal.o(i.HAL_GetTick)
    HAL_IncTick                              0x08000475   Thumb Code    10  stm32f1xx_hal.o(i.HAL_IncTick)
    HAL_Init                                 0x08000485   Thumb Code    32  stm32f1xx_hal.o(i.HAL_Init)
    HAL_InitTick                             0x080004a9   Thumb Code   100  stm32f1xx_hal_timebase_tim.o(i.HAL_InitTick)
    HAL_MspInit                              0x0800051d   Thumb Code    86  stm32f1xx_hal_msp.o(i.HAL_MspInit)
    HAL_NVIC_EnableIRQ                       0x08000579   Thumb Code    22  stm32f1xx_hal_cortex.o(i.HAL_NVIC_EnableIRQ)
    HAL_NVIC_SetPriority                     0x08000591   Thumb Code    60  stm32f1xx_hal_cortex.o(i.HAL_NVIC_SetPriority)
    HAL_NVIC_SetPriorityGrouping             0x080005d1   Thumb Code    26  stm32f1xx_hal_cortex.o(i.HAL_NVIC_SetPriorityGrouping)
    HAL_RCC_ClockConfig                      0x080005f5   Thumb Code   638  stm32f1xx_hal_rcc.o(i.HAL_RCC_ClockConfig)
    HAL_RCC_GetClockConfig                   0x0800087d   Thumb Code    54  stm32f1xx_hal_rcc.o(i.HAL_RCC_GetClockConfig)
    HAL_RCC_GetHCLKFreq                      0x080008bd   Thumb Code    38  stm32f1xx_hal_rcc.o(i.HAL_RCC_GetHCLKFreq)
    HAL_RCC_GetPCLK1Freq                     0x080008f1   Thumb Code    36  stm32f1xx_hal_rcc.o(i.HAL_RCC_GetPCLK1Freq)
    HAL_RCC_GetSysClockFreq                  0x0800091d   Thumb Code   184  stm32f1xx_hal_rcc.o(i.HAL_RCC_GetSysClockFreq)
    HAL_RCC_OscConfig                        0x08000a01   Thumb Code  1946  stm32f1xx_hal_rcc.o(i.HAL_RCC_OscConfig)
    HAL_SYSTICK_CLKSourceConfig              0x0800119b   Thumb Code    24  stm32f1xx_hal_cortex.o(i.HAL_SYSTICK_CLKSourceConfig)
    HAL_SYSTICK_Config                       0x080011b3   Thumb Code    40  stm32f1xx_hal_cortex.o(i.HAL_SYSTICK_Config)
    HAL_TIMEx_BreakCallback                  0x080011db   Thumb Code     2  stm32f1xx_hal_tim_ex.o(i.HAL_TIMEx_BreakCallback)
    HAL_TIMEx_CommutationCallback            0x080011dd   Thumb Code     2  stm32f1xx_hal_tim_ex.o(i.HAL_TIMEx_CommutationCallback)
    HAL_TIM_Base_Init                        0x080011df   Thumb Code    54  stm32f1xx_hal_tim.o(i.HAL_TIM_Base_Init)
    HAL_TIM_Base_MspInit                     0x08001215   Thumb Code     2  stm32f1xx_hal_tim.o(i.HAL_TIM_Base_MspInit)
    HAL_TIM_Base_Start_IT                    0x08001217   Thumb Code    24  stm32f1xx_hal_tim.o(i.HAL_TIM_Base_Start_IT)
    HAL_TIM_IC_CaptureCallback               0x0800122f   Thumb Code     2  stm32f1xx_hal_tim.o(i.HAL_TIM_IC_CaptureCallback)
    HAL_TIM_IRQHandler                       0x08001231   Thumb Code   358  stm32f1xx_hal_tim.o(i.HAL_TIM_IRQHandler)
    HAL_TIM_OC_DelayElapsedCallback          0x08001397   Thumb Code     2  stm32f1xx_hal_tim.o(i.HAL_TIM_OC_DelayElapsedCallback)
    HAL_TIM_PWM_PulseFinishedCallback        0x08001399   Thumb Code     2  stm32f1xx_hal_tim.o(i.HAL_TIM_PWM_PulseFinishedCallback)
    HAL_TIM_PeriodElapsedCallback            0x0800139b   Thumb Code     4  stm32f1xx_hal_timebase_tim.o(i.HAL_TIM_PeriodElapsedCallback)
    HAL_TIM_TriggerCallback                  0x0800139f   Thumb Code     2  stm32f1xx_hal_tim.o(i.HAL_TIM_TriggerCallback)
    HardFault_Handler                        0x080013a1   Thumb Code     2  stm32f1xx_it.o(i.HardFault_Handler)
    MX_GPIO_Init                             0x080013a5   Thumb Code   224  gpio.o(i.MX_GPIO_Init)
    MemManage_Handler                        0x08001499   Thumb Code     2  stm32f1xx_it.o(i.MemManage_Handler)
    NMI_Handler                              0x0800149b   Thumb Code     2  stm32f1xx_it.o(i.NMI_Handler)
    SysTick_Handler                          0x080014bd   Thumb Code     4  stm32f1xx_it.o(i.SysTick_Handler)
    SystemClock_Config                       0x080014c1   Thumb Code   124  main.o(i.SystemClock_Config)
    SystemInit                               0x08001541   Thumb Code    68  system_stm32f1xx.o(i.SystemInit)
    TIM6_IRQHandler                          0x08001595   Thumb Code     6  stm32f1xx_it.o(i.TIM6_IRQHandler)
    TIM_Base_SetConfig                       0x080015a1   Thumb Code    98  stm32f1xx_hal_tim.o(i.TIM_Base_SetConfig)
    UsageFault_Handler                       0x08001615   Thumb Code     2  stm32f1xx_it.o(i.UsageFault_Handler)
    __scatterload_copy                       0x08001617   Thumb Code    14  handlers.o(i.__scatterload_copy)
    __scatterload_null                       0x08001625   Thumb Code     2  handlers.o(i.__scatterload_null)
    __scatterload_zeroinit                   0x08001627   Thumb Code    14  handlers.o(i.__scatterload_zeroinit)
    main                                     0x08001635   Thumb Code   134  main.o(i.main)
    osSystickHandler                         0x080016e5   Thumb Code     4  cmsis_os.o(i.osSystickHandler)
    pvPortMalloc                             0x080018b9   Thumb Code   182  heap_4.o(i.pvPortMalloc)
    pxPortInitialiseStack                    0x08001975   Thumb Code    28  port.o(i.pxPortInitialiseStack)
    uxListRemove                             0x08001995   Thumb Code    36  list.o(i.uxListRemove)
    vApplicationTickHook                     0x080019b9   Thumb Code   152  main.o(i.vApplicationTickHook)
    vListInitialise                          0x08001c7d   Thumb Code    22  list.o(i.vListInitialise)
    vListInitialiseItem                      0x08001c93   Thumb Code     6  list.o(i.vListInitialiseItem)
    vListInsert                              0x08001c99   Thumb Code    48  list.o(i.vListInsert)
    vListInsertEnd                           0x08001cc9   Thumb Code    24  list.o(i.vListInsertEnd)
    vPortEnterCritical                       0x08001e81   Thumb Code    44  port.o(i.vPortEnterCritical)
    vPortExitCritical                        0x08001eb5   Thumb Code    30  port.o(i.vPortExitCritical)
    vPortFree                                0x08001ed9   Thumb Code    68  heap_4.o(i.vPortFree)
    vPortSetupTimerInterrupt                 0x08001f21   Thumb Code    26  port.o(i.vPortSetupTimerInterrupt)
    vPortValidateInterruptPriority           0x08001f41   Thumb Code    54  port.o(i.vPortValidateInterruptPriority)
    vPortYield                               0x08001f81   Thumb Code    18  port.o(i.vPortYield)
    vTaskMissedYield                         0x08001f99   Thumb Code     8  tasks.o(i.vTaskMissedYield)
    vTaskPlaceOnEventList                    0x08001fa5   Thumb Code    62  tasks.o(i.vTaskPlaceOnEventList)
    vTaskSetTimeOutState                     0x08001fe9   Thumb Code    22  tasks.o(i.vTaskSetTimeOutState)
    vTaskStartScheduler                      0x08002005   Thumb Code    60  tasks.o(i.vTaskStartScheduler)
    vTaskSuspendAll                          0x08002051   Thumb Code    10  tasks.o(i.vTaskSuspendAll)
    vTaskSwitchContext                       0x08002061   Thumb Code    74  tasks.o(i.vTaskSwitchContext)
    xPortStartScheduler                      0x080020b5   Thumb Code   102  port.o(i.xPortStartScheduler)
    xPortSysTickHandler                      0x08002129   Thumb Code    30  port.o(i.xPortSysTickHandler)
    xQueueGenericCreate                      0x0800214d   Thumb Code    70  queue.o(i.xQueueGenericCreate)
    xQueueGenericReceive                     0x08002195   Thumb Code   258  queue.o(i.xQueueGenericReceive)
    xQueueGenericReset                       0x08002297   Thumb Code   106  queue.o(i.xQueueGenericReset)
    xQueueGenericSend                        0x08002301   Thumb Code   260  queue.o(i.xQueueGenericSend)
    xQueueGiveFromISR                        0x08002405   Thumb Code   118  queue.o(i.xQueueGiveFromISR)
    xTaskCheckForTimeOut                     0x0800247d   Thumb Code    78  tasks.o(i.xTaskCheckForTimeOut)
    xTaskGenericCreate                       0x080024d1   Thumb Code   352  tasks.o(i.xTaskGenericCreate)
    xTaskIncrementTick                       0x08002639   Thumb Code   212  tasks.o(i.xTaskIncrementTick)
    xTaskRemoveFromEventList                 0x08002715   Thumb Code    98  tasks.o(i.xTaskRemoveFromEventList)
    xTaskResumeAll                           0x08002781   Thumb Code   162  tasks.o(i.xTaskResumeAll)
    seg7                                     0x0800282c   Data          10  main.o(.constdata)
    aAPBAHBPrescTable                        0x08002836   Data          16  stm32f1xx_hal_rcc.o(.constdata)
    Region$$Table$$Base                      0x08002848   Number         0  anon$$obj.o(Region$$Table)
    Region$$Table$$Limit                     0x08002868   Number         0  anon$$obj.o(Region$$Table)
    LED_ptr                                  0x20000004   Data           1  main.o(.data)
    LED_buf                                  0x20000008   Data           4  main.o(.data)
    queue_enkoder                            0x2000000c   Data           4  main.o(.data)
    queue_wyswietlacz                        0x20000010   Data           4  main.o(.data)
    Tim1s                                    0x20000014   Data           4  main.o(.data)
    pxCurrentTCB                             0x2000003c   Data           4  tasks.o(.data)
    SystemCoreClock                          0x20000074   Data           4  system_stm32f1xx.o(.data)
    htim6                                    0x20000078   Data          60  stm32f1xx_hal_timebase_tim.o(.bss)
    __initial_sp                             0x20001580   Data           0  startup_stm32f107xc.o(STACK)



==============================================================================

Memory Map of the image

  Image Entry point : 0x08000151

  Load Region LR_IROM1 (Base: 0x08000000, Size: 0x000028e0, Max: 0x00040000, ABSOLUTE)

    Execution Region ER_IROM1 (Base: 0x08000000, Size: 0x00002868, Max: 0x00040000, ABSOLUTE)

    Base Addr    Size         Type   Attr      Idx    E Section Name        Object

    0x08000000   0x00000150   Data   RO         1223    RESET               startup_stm32f107xc.o
    0x08000150   0x00000000   Code   RO         3001  * .ARM.Collect$$$$00000000  mc_w.l(entry.o)
    0x08000150   0x00000004   Code   RO         3010    .ARM.Collect$$$$00000001  mc_w.l(entry2.o)
    0x08000154   0x00000004   Code   RO         3013    .ARM.Collect$$$$00000004  mc_w.l(entry5.o)
    0x08000158   0x00000000   Code   RO         3015    .ARM.Collect$$$$00000008  mc_w.l(entry7b.o)
    0x08000158   0x00000000   Code   RO         3017    .ARM.Collect$$$$0000000A  mc_w.l(entry8b.o)
    0x08000158   0x00000008   Code   RO         3018    .ARM.Collect$$$$0000000B  mc_w.l(entry9a.o)
    0x08000160   0x00000000   Code   RO         3020    .ARM.Collect$$$$0000000D  mc_w.l(entry10a.o)
    0x08000160   0x00000000   Code   RO         3022    .ARM.Collect$$$$0000000F  mc_w.l(entry11a.o)
    0x08000160   0x00000004   Code   RO         3011    .ARM.Collect$$$$00002712  mc_w.l(entry2.o)
    0x08000164   0x000000a2   Code   RO          899    .emb_text           port.o
    0x08000206   0x00000002   PAD
    0x08000208   0x00000024   Code   RO         1224    .text               startup_stm32f107xc.o
    0x0800022c   0x00000024   Code   RO         3006    .text               mc_w.l(memcpya.o)
    0x08000250   0x00000024   Code   RO         3024    .text               mc_w.l(init.o)
    0x08000274   0x00000002   Code   RO          218    i.BusFault_Handler  stm32f1xx_it.o
    0x08000276   0x00000002   Code   RO          219    i.DebugMon_Handler  stm32f1xx_it.o
    0x08000278   0x00000016   Code   RO         1728    i.HAL_Delay         stm32f1xx_hal.o
    0x0800028e   0x00000002   PAD
    0x08000290   0x000001bc   Code   RO         1339    i.HAL_GPIO_Init     stm32f1xx_hal_gpio.o
    0x0800044c   0x0000000a   Code   RO         1341    i.HAL_GPIO_ReadPin  stm32f1xx_hal_gpio.o
    0x08000456   0x00000008   Code   RO         1342    i.HAL_GPIO_TogglePin  stm32f1xx_hal_gpio.o
    0x0800045e   0x0000000a   Code   RO         1343    i.HAL_GPIO_WritePin  stm32f1xx_hal_gpio.o
    0x08000468   0x0000000c   Code   RO         1732    i.HAL_GetTick       stm32f1xx_hal.o
    0x08000474   0x00000010   Code   RO         1733    i.HAL_IncTick       stm32f1xx_hal.o
    0x08000484   0x00000024   Code   RO         1734    i.HAL_Init          stm32f1xx_hal.o
    0x080004a8   0x00000074   Code   RO          288    i.HAL_InitTick      stm32f1xx_hal_timebase_tim.o
    0x0800051c   0x0000005c   Code   RO          191    i.HAL_MspInit       stm32f1xx_hal_msp.o
    0x08000578   0x00000016   Code   RO         1606    i.HAL_NVIC_EnableIRQ  stm32f1xx_hal_cortex.o
    0x0800058e   0x00000002   PAD
    0x08000590   0x00000040   Code   RO         1612    i.HAL_NVIC_SetPriority  stm32f1xx_hal_cortex.o
    0x080005d0   0x00000024   Code   RO         1613    i.HAL_NVIC_SetPriorityGrouping  stm32f1xx_hal_cortex.o
    0x080005f4   0x00000288   Code   RO         1232    i.HAL_RCC_ClockConfig  stm32f1xx_hal_rcc.o
    0x0800087c   0x00000040   Code   RO         1236    i.HAL_RCC_GetClockConfig  stm32f1xx_hal_rcc.o
    0x080008bc   0x00000034   Code   RO         1237    i.HAL_RCC_GetHCLKFreq  stm32f1xx_hal_rcc.o
    0x080008f0   0x0000002c   Code   RO         1239    i.HAL_RCC_GetPCLK1Freq  stm32f1xx_hal_rcc.o
    0x0800091c   0x000000e4   Code   RO         1241    i.HAL_RCC_GetSysClockFreq  stm32f1xx_hal_rcc.o
    0x08000a00   0x0000079a   Code   RO         1244    i.HAL_RCC_OscConfig  stm32f1xx_hal_rcc.o
    0x0800119a   0x00000018   Code   RO         1615    i.HAL_SYSTICK_CLKSourceConfig  stm32f1xx_hal_cortex.o
    0x080011b2   0x00000028   Code   RO         1617    i.HAL_SYSTICK_Config  stm32f1xx_hal_cortex.o
    0x080011da   0x00000002   Code   RO         2649    i.HAL_TIMEx_BreakCallback  stm32f1xx_hal_tim_ex.o
    0x080011dc   0x00000002   Code   RO         2650    i.HAL_TIMEx_CommutationCallback  stm32f1xx_hal_tim_ex.o
    0x080011de   0x00000036   Code   RO         1960    i.HAL_TIM_Base_Init  stm32f1xx_hal_tim.o
    0x08001214   0x00000002   Code   RO         1962    i.HAL_TIM_Base_MspInit  stm32f1xx_hal_tim.o
    0x08001216   0x00000018   Code   RO         1965    i.HAL_TIM_Base_Start_IT  stm32f1xx_hal_tim.o
    0x0800122e   0x00000002   Code   RO         1989    i.HAL_TIM_IC_CaptureCallback  stm32f1xx_hal_tim.o
    0x08001230   0x00000166   Code   RO         2002    i.HAL_TIM_IRQHandler  stm32f1xx_hal_tim.o
    0x08001396   0x00000002   Code   RO         2005    i.HAL_TIM_OC_DelayElapsedCallback  stm32f1xx_hal_tim.o
    0x08001398   0x00000002   Code   RO         2032    i.HAL_TIM_PWM_PulseFinishedCallback  stm32f1xx_hal_tim.o
    0x0800139a   0x00000004   Code   RO          291    i.HAL_TIM_PeriodElapsedCallback  stm32f1xx_hal_timebase_tim.o
    0x0800139e   0x00000002   Code   RO         2043    i.HAL_TIM_TriggerCallback  stm32f1xx_hal_tim.o
    0x080013a0   0x00000002   Code   RO          220    i.HardFault_Handler  stm32f1xx_it.o
    0x080013a2   0x00000002   PAD
    0x080013a4   0x000000f4   Code   RO          334    i.MX_GPIO_Init      gpio.o
    0x08001498   0x00000002   Code   RO          221    i.MemManage_Handler  stm32f1xx_it.o
    0x0800149a   0x00000002   Code   RO          222    i.NMI_Handler       stm32f1xx_it.o
    0x0800149c   0x00000020   Code   RO         1619    i.NVIC_SetPriority  stm32f1xx_hal_cortex.o
    0x080014bc   0x00000004   Code   RO          223    i.SysTick_Handler   stm32f1xx_it.o
    0x080014c0   0x00000080   Code   RO            4    i.SystemClock_Config  main.o
    0x08001540   0x00000054   Code   RO         2968    i.SystemInit        system_stm32f1xx.o
    0x08001594   0x0000000c   Code   RO          224    i.TIM6_IRQHandler   stm32f1xx_it.o
    0x080015a0   0x00000074   Code   RO         2044    i.TIM_Base_SetConfig  stm32f1xx_hal_tim.o
    0x08001614   0x00000002   Code   RO          225    i.UsageFault_Handler  stm32f1xx_it.o
    0x08001616   0x0000000e   Code   RO         3028    i.__scatterload_copy  mc_w.l(handlers.o)
    0x08001624   0x00000002   Code   RO         3029    i.__scatterload_null  mc_w.l(handlers.o)
    0x08001626   0x0000000e   Code   RO         3030    i.__scatterload_zeroinit  mc_w.l(handlers.o)
    0x08001634   0x000000b0   Code   RO            5    i.main              main.o
    0x080016e4   0x00000004   Code   RO          468    i.osSystickHandler  cmsis_os.o
    0x080016e8   0x00000034   Code   RO         1019    i.prvAddCurrentTaskToDelayedList  tasks.o
    0x0800171c   0x00000026   Code   RO          770    i.prvCopyDataFromQueue  queue.o
    0x08001742   0x0000005c   Code   RO          771    i.prvCopyDataToQueue  queue.o
    0x0800179e   0x00000002   PAD
    0x080017a0   0x0000004c   Code   RO          970    i.prvHeapInit       heap_4.o
    0x080017ec   0x00000002   Code   RO         1020    i.prvIdleTask       tasks.o
    0x080017ee   0x00000002   PAD
    0x080017f0   0x0000004c   Code   RO          971    i.prvInsertBlockIntoFreeList  heap_4.o
    0x0800183c   0x00000018   Code   RO          900    i.prvTaskExitError  port.o
    0x08001854   0x00000064   Code   RO          772    i.prvUnlockQueue    queue.o
    0x080018b8   0x000000bc   Code   RO          972    i.pvPortMalloc      heap_4.o
    0x08001974   0x00000020   Code   RO          901    i.pxPortInitialiseStack  port.o
    0x08001994   0x00000024   Code   RO         1185    i.uxListRemove      list.o
    0x080019b8   0x000000a4   Code   RO            6    i.vApplicationTickHook  main.o
    0x08001a5c   0x00000094   Code   RO            7    i.vDisp             main.o
    0x08001af0   0x0000018c   Code   RO            8    i.vEncoder          main.o
    0x08001c7c   0x00000016   Code   RO         1186    i.vListInitialise   list.o
    0x08001c92   0x00000006   Code   RO         1187    i.vListInitialiseItem  list.o
    0x08001c98   0x00000030   Code   RO         1188    i.vListInsert       list.o
    0x08001cc8   0x00000018   Code   RO         1189    i.vListInsertEnd    list.o
    0x08001ce0   0x000001a0   Code   RO            9    i.vMain             main.o
    0x08001e80   0x00000034   Code   RO          903    i.vPortEnterCritical  port.o
    0x08001eb4   0x00000024   Code   RO          904    i.vPortExitCritical  port.o
    0x08001ed8   0x00000048   Code   RO          973    i.vPortFree         heap_4.o
    0x08001f20   0x00000020   Code   RO          905    i.vPortSetupTimerInterrupt  port.o
    0x08001f40   0x00000040   Code   RO          906    i.vPortValidateInterruptPriority  port.o
    0x08001f80   0x00000018   Code   RO          907    i.vPortYield        port.o
    0x08001f98   0x0000000c   Code   RO         1026    i.vTaskMissedYield  tasks.o
    0x08001fa4   0x00000044   Code   RO         1028    i.vTaskPlaceOnEventList  tasks.o
    0x08001fe8   0x0000001c   Code   RO         1030    i.vTaskSetTimeOutState  tasks.o
    0x08002004   0x0000004c   Code   RO         1031    i.vTaskStartScheduler  tasks.o
    0x08002050   0x00000010   Code   RO         1032    i.vTaskSuspendAll   tasks.o
    0x08002060   0x00000054   Code   RO         1033    i.vTaskSwitchContext  tasks.o
    0x080020b4   0x00000074   Code   RO          908    i.xPortStartScheduler  port.o
    0x08002128   0x00000024   Code   RO          909    i.xPortSysTickHandler  port.o
    0x0800214c   0x00000046   Code   RO          779    i.xQueueGenericCreate  queue.o
    0x08002192   0x00000002   PAD
    0x08002194   0x00000102   Code   RO          780    i.xQueueGenericReceive  queue.o
    0x08002296   0x0000006a   Code   RO          781    i.xQueueGenericReset  queue.o
    0x08002300   0x00000104   Code   RO          782    i.xQueueGenericSend  queue.o
    0x08002404   0x00000076   Code   RO          784    i.xQueueGiveFromISR  queue.o
    0x0800247a   0x00000002   PAD
    0x0800247c   0x00000054   Code   RO         1034    i.xTaskCheckForTimeOut  tasks.o
    0x080024d0   0x00000168   Code   RO         1035    i.xTaskGenericCreate  tasks.o
    0x08002638   0x000000dc   Code   RO         1039    i.xTaskIncrementTick  tasks.o
    0x08002714   0x0000006c   Code   RO         1042    i.xTaskRemoveFromEventList  tasks.o
    0x08002780   0x000000ac   Code   RO         1044    i.xTaskResumeAll    tasks.o
    0x0800282c   0x0000000a   Data   RO           10    .constdata          main.o
    0x08002836   0x00000010   Data   RO         1245    .constdata          stm32f1xx_hal_rcc.o
    0x08002846   0x00000002   PAD
    0x08002848   0x00000020   Data   RO         3026    Region$$Table       anon$$obj.o


    Execution Region RW_IRAM1 (Base: 0x20000000, Size: 0x00001580, Max: 0x00010000, ABSOLUTE)

    Base Addr    Size         Type   Attr      Idx    E Section Name        Object

    0x20000000   0x00000018   Data   RW           11    .data               main.o
    0x20000018   0x0000000c   Data   RW          910    .data               port.o
    0x20000024   0x00000018   Data   RW          978    .data               heap_4.o
    0x2000003c   0x00000034   Data   RW         1046    .data               tasks.o
    0x20000070   0x00000004   Data   RW         1740    .data               stm32f1xx_hal.o
    0x20000074   0x00000004   Data   RW         2970    .data               system_stm32f1xx.o
    0x20000078   0x0000003c   Zero   RW          292    .bss                stm32f1xx_hal_timebase_tim.o
    0x200000b4   0x00001000   Zero   RW          977    .bss                heap_4.o
    0x200010b4   0x000000c8   Zero   RW         1045    .bss                tasks.o
    0x2000117c   0x00000004   PAD
    0x20001180   0x00000400   Zero   RW         1221    STACK               startup_stm32f107xc.o


==============================================================================

Image component sizes


      Code (inc. data)   RO Data    RW Data    ZI Data      Debug   Object Name

         4          0          0          0          0        491   cmsis_os.o
         0          0          0          0          0       1480   event_groups.o
       244         20          0          0          0        939   gpio.o
       412         24          0         24       4096       4083   heap_4.o
       136          0          0          0          0       3178   list.o
      1428        104         10         24          0     347464   main.o
       578         76          0         12          0       8274   port.o
      1042          0          0          0          0       8934   queue.o
        36          8        336          0       1024        748   startup_stm32f107xc.o
        86         16          0          4          0       2887   stm32f1xx_hal.o
       218         14          0          0          0      26089   stm32f1xx_hal_cortex.o
       472         36          0          0          0       4108   stm32f1xx_hal_gpio.o
        92          6          0          0          0        802   stm32f1xx_hal_msp.o
      2982        100         16          0          0       6374   stm32f1xx_hal_rcc.o
       562         18          0          0          0       6478   stm32f1xx_hal_tim.o
         4          0          0          0          0       1498   stm32f1xx_hal_tim_ex.o
       120         16          0          0         60       1832   stm32f1xx_hal_timebase_tim.o
        28          6          0          0          0       3209   stm32f1xx_it.o
        84         16          0          4          0       1273   system_stm32f1xx.o
      1282         94          0         52        200      13217   tasks.o

    ----------------------------------------------------------------------
      9826        554        396        120       5384     443358   Object Totals
         0          0         32          0          0          0   (incl. Generated)
        16          0          2          0          4          0   (incl. Padding)

    ----------------------------------------------------------------------

      Code (inc. data)   RO Data    RW Data    ZI Data      Debug   Library Member Name

         0          0          0          0          0          0   entry.o
         0          0          0          0          0          0   entry10a.o
         0          0          0          0          0          0   entry11a.o
         8          4          0          0          0          0   entry2.o
         4          0          0          0          0          0   entry5.o
         0          0          0          0          0          0   entry7b.o
         0          0          0          0          0          0   entry8b.o
         8          4          0          0          0          0   entry9a.o
        30          0          0          0          0          0   handlers.o
        36          8          0          0          0         68   init.o
        36          0          0          0          0         68   memcpya.o

    ----------------------------------------------------------------------
       122         16          0          0          0        136   Library Totals
         0          0          0          0          0          0   (incl. Padding)

    ----------------------------------------------------------------------

      Code (inc. data)   RO Data    RW Data    ZI Data      Debug   Library Name

       122         16          0          0          0        136   mc_w.l

    ----------------------------------------------------------------------
       122         16          0          0          0        136   Library Totals

    ----------------------------------------------------------------------

==============================================================================


      Code (inc. data)   RO Data    RW Data    ZI Data      Debug   

      9948        570        396        120       5384     439122   Grand Totals
      9948        570        396        120       5384     439122   ELF Image Totals
      9948        570        396        120          0          0   ROM Totals

==============================================================================

    Total RO  Size (Code + RO Data)                10344 (  10.10kB)
    Total RW  Size (RW Data + ZI Data)              5504 (   5.38kB)
    Total ROM Size (Code + RO Data + RW Data)      10464 (  10.22kB)

==============================================================================

